23:05:28 **** Build of project ethernet_tutorial_bsp ****
make -k all 
"Running Make include in microblaze_0/libsrc/axidma_v9_3/src"
make -C microblaze_0/libsrc/axidma_v9_3/src -s include  "SHELL=CMD" "COMPILER=mb-gcc" "ARCHIVER=mb-ar" "COMPILER_FLAGS= -O2 -c -mcpu=v10.0 -mlittle-endian -mxl-soft-mul" "EXTRA_COMPILER_FLAGS=-ffunction-sections -fdata-sections -Wall -Wextra"
"Running Make include in microblaze_0/libsrc/axiethernet_v5_5/src"
make -C microblaze_0/libsrc/axiethernet_v5_5/src -s include  "SHELL=CMD" "COMPILER=mb-gcc" "ARCHIVER=mb-ar" "COMPILER_FLAGS= -O2 -c -mcpu=v10.0 -mlittle-endian -mxl-soft-mul" "EXTRA_COMPILER_FLAGS=-ffunction-sections -fdata-sections -Wall -Wextra"
"Running Make include in microblaze_0/libsrc/bram_v4_1/src"
make -C microblaze_0/libsrc/bram_v4_1/src -s include  "SHELL=CMD" "COMPILER=mb-gcc" "ARCHIVER=mb-ar" "COMPILER_FLAGS= -O2 -c -mcpu=v10.0 -mlittle-endian -mxl-soft-mul" "EXTRA_COMPILER_FLAGS=-ffunction-sections -fdata-sections -Wall -Wextra"
"Running Make include in microblaze_0/libsrc/cpu_v2_6/src"
make -C microblaze_0/libsrc/cpu_v2_6/src -s include  "SHELL=CMD" "COMPILER=mb-gcc" "ARCHIVER=mb-ar" "COMPILER_FLAGS= -O2 -c -mcpu=v10.0 -mlittle-endian -mxl-soft-mul" "EXTRA_COMPILER_FLAGS=-ffunction-sections -fdata-sections -Wall -Wextra"
"Running Make include in microblaze_0/libsrc/intc_v3_6/src"
make -C microblaze_0/libsrc/intc_v3_6/src -s include  "SHELL=CMD" "COMPILER=mb-gcc" "ARCHIVER=mb-ar" "COMPILER_FLAGS= -O2 -c -mcpu=v10.0 -mlittle-endian -mxl-soft-mul" "EXTRA_COMPILER_FLAGS=-ffunction-sections -fdata-sections -Wall -Wextra"
"Running Make include in microblaze_0/libsrc/lwip141_v1_8/src"
make -C microblaze_0/libsrc/lwip141_v1_8/src -s include  "SHELL=CMD" "COMPILER=mb-gcc" "ARCHIVER=mb-ar" "COMPILER_FLAGS= -O2 -c -mcpu=v10.0 -mlittle-endian -mxl-soft-mul" "EXTRA_COMPILER_FLAGS=-ffunction-sections -fdata-sections -Wall -Wextra"
"Running Make include in microblaze_0/libsrc/standalone_v6_3/src"
make -C microblaze_0/libsrc/standalone_v6_3/src -s include  "SHELL=CMD" "COMPILER=mb-gcc" "ARCHIVER=mb-ar" "COMPILER_FLAGS= -O2 -c -mcpu=v10.0 -mlittle-endian -mxl-soft-mul" "EXTRA_COMPILER_FLAGS=-ffunction-sections -fdata-sections -Wall -Wextra"
"Running Make include in microblaze_0/libsrc/tmrctr_v4_3/src"
make -C microblaze_0/libsrc/tmrctr_v4_3/src -s include  "SHELL=CMD" "COMPILER=mb-gcc" "ARCHIVER=mb-ar" "COMPILER_FLAGS= -O2 -c -mcpu=v10.0 -mlittle-endian -mxl-soft-mul" "EXTRA_COMPILER_FLAGS=-ffunction-sections -fdata-sections -Wall -Wextra"
"Running Make include in microblaze_0/libsrc/uartlite_v3_2/src"
make -C microblaze_0/libsrc/uartlite_v3_2/src -s include  "SHELL=CMD" "COMPILER=mb-gcc" "ARCHIVER=mb-ar" "COMPILER_FLAGS= -O2 -c -mcpu=v10.0 -mlittle-endian -mxl-soft-mul" "EXTRA_COMPILER_FLAGS=-ffunction-sections -fdata-sections -Wall -Wextra"
"Running Make libs in microblaze_0/libsrc/axidma_v9_3/src"
make -C microblaze_0/libsrc/axidma_v9_3/src -s libs  "SHELL=CMD" "COMPILER=mb-gcc" "ARCHIVER=mb-ar" "COMPILER_FLAGS= -O2 -c -mcpu=v10.0 -mlittle-endian -mxl-soft-mul" "EXTRA_COMPILER_FLAGS=-ffunction-sections -fdata-sections -Wall -Wextra"
"Compiling axidma"
mb-ar: creating ../../../lib/libxil.a
"Running Make libs in microblaze_0/libsrc/axiethernet_v5_5/src"
make -C microblaze_0/libsrc/axiethernet_v5_5/src -s libs  "SHELL=CMD" "COMPILER=mb-gcc" "ARCHIVER=mb-ar" "COMPILER_FLAGS= -O2 -c -mcpu=v10.0 -mlittle-endian -mxl-soft-mul" "EXTRA_COMPILER_FLAGS=-ffunction-sections -fdata-sections -Wall -Wextra"
"Compiling axiethernet"
"Running Make libs in microblaze_0/libsrc/bram_v4_1/src"
make -C microblaze_0/libsrc/bram_v4_1/src -s libs  "SHELL=CMD" "COMPILER=mb-gcc" "ARCHIVER=mb-ar" "COMPILER_FLAGS= -O2 -c -mcpu=v10.0 -mlittle-endian -mxl-soft-mul" "EXTRA_COMPILER_FLAGS=-ffunction-sections -fdata-sections -Wall -Wextra"
"Compiling bram"
"Running Make libs in microblaze_0/libsrc/cpu_v2_6/src"
make -C microblaze_0/libsrc/cpu_v2_6/src -s libs  "SHELL=CMD" "COMPILER=mb-gcc" "ARCHIVER=mb-ar" "COMPILER_FLAGS= -O2 -c -mcpu=v10.0 -mlittle-endian -mxl-soft-mul" "EXTRA_COMPILER_FLAGS=-ffunction-sections -fdata-sections -Wall -Wextra"
"Compiling cpu"
"Running Make libs in microblaze_0/libsrc/intc_v3_6/src"
make -C microblaze_0/libsrc/intc_v3_6/src -s libs  "SHELL=CMD" "COMPILER=mb-gcc" "ARCHIVER=mb-ar" "COMPILER_FLAGS= -O2 -c -mcpu=v10.0 -mlittle-endian -mxl-soft-mul" "EXTRA_COMPILER_FLAGS=-ffunction-sections -fdata-sections -Wall -Wextra"
"Compiling intc"
"Running Make libs in microblaze_0/libsrc/lwip141_v1_8/src"
make -C microblaze_0/libsrc/lwip141_v1_8/src -s libs  "SHELL=CMD" "COMPILER=mb-gcc" "ARCHIVER=mb-ar" "COMPILER_FLAGS= -O2 -c -mcpu=v10.0 -mlittle-endian -mxl-soft-mul" "EXTRA_COMPILER_FLAGS=-ffunction-sections -fdata-sections -Wall -Wextra"
"Compiling lwip src and adapter files"
In file included from ../../../include/lwip/ip.h:39:0,
                 from lwip-1.4.1/src/core/ipv4/ip.c:42:
lwip-1.4.1/src/core/ipv4/ip.c: In function 'ip_input':
../../../include/lwip/ip_addr.h:200:39: warning: the comparison will always evaluate as 'false' for the address of 'current_iphdr_src' will never be NULL [-Waddress]
 #define ip_addr_isany(addr1) ((addr1) == NULL || (addr1)->addr == IPADDR_ANY)
                                       ^
lwip-1.4.1/src/core/ipv4/ip.c:473:24: note: in expansion of macro 'ip_addr_isany'
   if (check_ip_src && !ip_addr_isany(&current_iphdr_src))
                        ^~~~~~~~~~~~~
In file included from ../../../include/lwip/netif.h:41:0,
                 from ../../../include/lwip/udp.h:40,
                 from lwip-1.4.1/src/core/dhcp.c:75:
lwip-1.4.1/src/core/dhcp.c: In function 'dhcp_bind':
../../../include/lwip/ip_addr.h:200:39: warning: the comparison will always evaluate as 'false' for the address of 'gw_addr' will never be NULL [-Waddress]
 #define ip_addr_isany(addr1) ((addr1) == NULL || (addr1)->addr == IPADDR_ANY)
                                       ^
lwip-1.4.1/src/core/dhcp.c:987:7: note: in expansion of macro 'ip_addr_isany'
   if (ip_addr_isany(&gw_addr)) {
       ^~~~~~~~~~~~~
contrib/ports/xilinx/netif/xaxiemacif_physpeed.c: In function 'get_phy_negotiated_speed':
contrib/ports/xilinx/netif/xaxiemacif_physpeed.c:254:6: warning: unused variable 'temp' [-Wunused-variable]
  u16 temp;
      ^~~~
contrib/ports/xilinx/netif/xaxiemacif_physpeed.c:253:6: warning: unused variable 'TimeOut' [-Wunused-variable]
  int TimeOut;
      ^~~~~~~
contrib/ports/xilinx/netif/xaxiemacif_physpeed.c:247:6: warning: unused variable 'phy_val' [-Wunused-variable]
  u16 phy_val;
      ^~~~~~~
contrib/ports/xilinx/netif/xaxiemacif_physpeed.c: In function 'get_phy_speed_TI_DP83867':
contrib/ports/xilinx/netif/xaxiemacif_physpeed.c:388:6: warning: unused variable 'partner_capabilities' [-Wunused-variable]
  u16 partner_capabilities;
      ^~~~~~~~~~~~~~~~~~~~
contrib/ports/xilinx/netif/xaxiemacif_physpeed.c:387:6: warning: unused variable 'status' [-Wunused-variable]
  u16 status;
      ^~~~~~
contrib/ports/xilinx/netif/xaxiemacif_physpeed.c: In function 'get_phy_speed_TI_DP83867_SGMII':
contrib/ports/xilinx/netif/xaxiemacif_physpeed.c:424:6: warning: unused variable 'partner_capabilities' [-Wunused-variable]
  u16 partner_capabilities;
      ^~~~~~~~~~~~~~~~~~~~
contrib/ports/xilinx/netif/xaxiemacif_physpeed.c:423:6: warning: unused variable 'temp1' [-Wunused-variable]
  u16 temp1;
      ^~~~~
contrib/ports/xilinx/netif/xaxiemacif_physpeed.c:420:6: warning: unused variable 'phy_val' [-Wunused-variable]
  u16 phy_val;
      ^~~~~~~
contrib/ports/xilinx/netif/xaxiemacif_physpeed.c: In function 'get_phy_speed_88E1111':
contrib/ports/xilinx/netif/xaxiemacif_physpeed.c:561:6: warning: unused variable 'status' [-Wunused-variable]
  u16 status;
      ^~~~~~
contrib/ports/xilinx/netif/xaxiemacif_physpeed.c: In function 'get_IEEE_phy_speed':
contrib/ports/xilinx/netif/xaxiemacif_physpeed.c:643:1: warning: control reaches end of non-void function [-Wreturn-type]
 }
 ^
contrib/ports/xilinx/netif/xaxiemacif_dma.c: In function 'axidma_send_handler':
contrib/ports/xilinx/netif/xaxiemacif_dma.c:269:16: warning: variable 'xaxiemac' set but not used [-Wunused-but-set-variable]
  XAxiEthernet *xaxiemac;
                ^~~~~~~~
contrib/ports/xilinx/netif/xaxiemacif_dma.c:268:22: warning: variable 'xtopologyp' set but not used [-Wunused-but-set-variable]
  struct xtopology_t *xtopologyp;
                      ^~~~~~~~~~
contrib/ports/xilinx/netif/xaxiemacif_dma.c: In function 'setup_rx_bds':
contrib/ports/xilinx/netif/xaxiemacif_dma.c:370:227: warning: suggest braces around empty body in an 'else' statement [-Wempty-body]
     LWIP_DEBUGF(NETIF_DEBUG, ("set of BDs was rejected because the first BD did not have its start-of-packet bit set, or the last BD did not have its end-of-packet bit set, or any one of the BD set has 0 as length value\r\n"));
                                                                                                                                                                                                                                   ^
contrib/ports/xilinx/netif/xaxiemacif_dma.c:315:15: warning: unused variable 'i' [-Wunused-variable]
  s32_t n_bds, i;
               ^
contrib/ports/xilinx/netif/xaxiemacif_dma.c: In function 'axidma_recv_handler':
contrib/ports/xilinx/netif/xaxiemacif_dma.c:439:33: warning: comparison between signed and unsigned integer expressions [-Wsign-compare]
   for (i = 0, rxbd = rxbdset; i < bd_processed; i++) {
                                 ^
contrib/ports/xilinx/netif/xaxiemacif_dma.c:387:16: warning: variable 'xaxiemac' set but not used [-Wunused-but-set-variable]
  XAxiEthernet *xaxiemac;
                ^~~~~~~~
contrib/ports/xilinx/netif/xaxiemacif_dma.c:386:22: warning: variable 'xtopologyp' set but not used [-Wunused-but-set-variable]
  struct xtopology_t *xtopologyp;
                      ^~~~~~~~~~
contrib/ports/xilinx/netif/xaxiemacif_dma.c: In function 'process_sent_bds':
contrib/ports/xilinx/netif/xaxiemacif_dma.c:503:10: warning: unused variable 'status' [-Wunused-variable]
  XStatus status;
          ^~~~~~
At top level:
contrib/ports/xilinx/netif/xaxiemacif_dma.c:148:13: warning: 'bd_csum_set' defined but not used [-Wunused-function]
 static void bd_csum_set(XAxiDma_Bd *bd, u16_t tx_csbegin, u16_t tx_csinsert,
             ^~~~~~~~~~~
contrib/ports/xilinx/netif/xaxiemacif_dma.c:141:13: warning: 'bd_fullcsum_enable' defined but not used [-Wunused-function]
 static void bd_fullcsum_enable(XAxiDma_Bd *bd)
             ^~~~~~~~~~~~~~~~~~
contrib/ports/xilinx/netif/xaxiemacif_dma.c:134:13: warning: 'bd_fullcsum_disable' defined but not used [-Wunused-function]
 static void bd_fullcsum_disable(XAxiDma_Bd *bd)
             ^~~~~~~~~~~~~~~~~~~
contrib/ports/xilinx/netif/xaxiemacif_dma.c:127:13: warning: 'bd_csum_disable' defined but not used [-Wunused-function]
 static void bd_csum_disable(XAxiDma_Bd *bd)
             ^~~~~~~~~~~~~~~
"Running Make libs in microblaze_0/libsrc/standalone_v6_3/src"
make -C microblaze_0/libsrc/standalone_v6_3/src -s libs  "SHELL=CMD" "COMPILER=mb-gcc" "ARCHIVER=mb-ar" "COMPILER_FLAGS= -O2 -c -mcpu=v10.0 -mlittle-endian -mxl-soft-mul" "EXTRA_COMPILER_FLAGS=-ffunction-sections -fdata-sections -Wall -Wextra"
"Compiling standalone";
"Running Make libs in microblaze_0/libsrc/tmrctr_v4_3/src"
make -C microblaze_0/libsrc/tmrctr_v4_3/src -s libs  "SHELL=CMD" "COMPILER=mb-gcc" "ARCHIVER=mb-ar" "COMPILER_FLAGS= -O2 -c -mcpu=v10.0 -mlittle-endian -mxl-soft-mul" "EXTRA_COMPILER_FLAGS=-ffunction-sections -fdata-sections -Wall -Wextra"
"Compiling tmrctr"
"Running Make libs in microblaze_0/libsrc/uartlite_v3_2/src"
make -C microblaze_0/libsrc/uartlite_v3_2/src -s libs  "SHELL=CMD" "COMPILER=mb-gcc" "ARCHIVER=mb-ar" "COMPILER_FLAGS= -O2 -c -mcpu=v10.0 -mlittle-endian -mxl-soft-mul" "EXTRA_COMPILER_FLAGS=-ffunction-sections -fdata-sections -Wall -Wextra"
"Compiling uartlite"
'Finished building libraries'
23:07:47 **** Auto Build of project ethernet_tutorial_bsp ****
make -k all 
"Running Make include in microblaze_0/libsrc/axidma_v9_3/src"
make -C microblaze_0/libsrc/axidma_v9_3/src -s include  "SHELL=CMD" "COMPILER=mb-gcc" "ARCHIVER=mb-ar" "COMPILER_FLAGS= -O2 -c -mcpu=v10.0 -mlittle-endian -mxl-soft-mul" "EXTRA_COMPILER_FLAGS=-ffunction-sections -fdata-sections -Wall -Wextra"
"Running Make include in microblaze_0/libsrc/axiethernet_v5_5/src"
make -C microblaze_0/libsrc/axiethernet_v5_5/src -s include  "SHELL=CMD" "COMPILER=mb-gcc" "ARCHIVER=mb-ar" "COMPILER_FLAGS= -O2 -c -mcpu=v10.0 -mlittle-endian -mxl-soft-mul" "EXTRA_COMPILER_FLAGS=-ffunction-sections -fdata-sections -Wall -Wextra"
"Running Make include in microblaze_0/libsrc/bram_v4_1/src"
make -C microblaze_0/libsrc/bram_v4_1/src -s include  "SHELL=CMD" "COMPILER=mb-gcc" "ARCHIVER=mb-ar" "COMPILER_FLAGS= -O2 -c -mcpu=v10.0 -mlittle-endian -mxl-soft-mul" "EXTRA_COMPILER_FLAGS=-ffunction-sections -fdata-sections -Wall -Wextra"
"Running Make include in microblaze_0/libsrc/cpu_v2_6/src"
make -C microblaze_0/libsrc/cpu_v2_6/src -s include  "SHELL=CMD" "COMPILER=mb-gcc" "ARCHIVER=mb-ar" "COMPILER_FLAGS= -O2 -c -mcpu=v10.0 -mlittle-endian -mxl-soft-mul" "EXTRA_COMPILER_FLAGS=-ffunction-sections -fdata-sections -Wall -Wextra"
"Running Make include in microblaze_0/libsrc/intc_v3_6/src"
make -C microblaze_0/libsrc/intc_v3_6/src -s include  "SHELL=CMD" "COMPILER=mb-gcc" "ARCHIVER=mb-ar" "COMPILER_FLAGS= -O2 -c -mcpu=v10.0 -mlittle-endian -mxl-soft-mul" "EXTRA_COMPILER_FLAGS=-ffunction-sections -fdata-sections -Wall -Wextra"
"Running Make include in microblaze_0/libsrc/lwip141_v1_8/src"
make -C microblaze_0/libsrc/lwip141_v1_8/src -s include  "SHELL=CMD" "COMPILER=mb-gcc" "ARCHIVER=mb-ar" "COMPILER_FLAGS= -O2 -c -mcpu=v10.0 -mlittle-endian -mxl-soft-mul" "EXTRA_COMPILER_FLAGS=-ffunction-sections -fdata-sections -Wall -Wextra"
"Running Make include in microblaze_0/libsrc/standalone_v6_3/src"
make -C microblaze_0/libsrc/standalone_v6_3/src -s include  "SHELL=CMD" "COMPILER=mb-gcc" "ARCHIVER=mb-ar" "COMPILER_FLAGS= -O2 -c -mcpu=v10.0 -mlittle-endian -mxl-soft-mul" "EXTRA_COMPILER_FLAGS=-ffunction-sections -fdata-sections -Wall -Wextra"
"Running Make include in microblaze_0/libsrc/tmrctr_v4_3/src"
make -C microblaze_0/libsrc/tmrctr_v4_3/src -s include  "SHELL=CMD" "COMPILER=mb-gcc" "ARCHIVER=mb-ar" "COMPILER_FLAGS= -O2 -c -mcpu=v10.0 -mlittle-endian -mxl-soft-mul" "EXTRA_COMPILER_FLAGS=-ffunction-sections -fdata-sections -Wall -Wextra"
"Running Make include in microblaze_0/libsrc/uartlite_v3_2/src"
make -C microblaze_0/libsrc/uartlite_v3_2/src -s include  "SHELL=CMD" "COMPILER=mb-gcc" "ARCHIVER=mb-ar" "COMPILER_FLAGS= -O2 -c -mcpu=v10.0 -mlittle-endian -mxl-soft-mul" "EXTRA_COMPILER_FLAGS=-ffunction-sections -fdata-sections -Wall -Wextra"
"Running Make libs in microblaze_0/libsrc/axidma_v9_3/src"
make -C microblaze_0/libsrc/axidma_v9_3/src -s libs  "SHELL=CMD" "COMPILER=mb-gcc" "ARCHIVER=mb-ar" "COMPILER_FLAGS= -O2 -c -mcpu=v10.0 -mlittle-endian -mxl-soft-mul" "EXTRA_COMPILER_FLAGS=-ffunction-sections -fdata-sections -Wall -Wextra"
"Compiling axidma"
mb-ar: creating ../../../lib/libxil.a
"Running Make libs in microblaze_0/libsrc/axiethernet_v5_5/src"
make -C microblaze_0/libsrc/axiethernet_v5_5/src -s libs  "SHELL=CMD" "COMPILER=mb-gcc" "ARCHIVER=mb-ar" "COMPILER_FLAGS= -O2 -c -mcpu=v10.0 -mlittle-endian -mxl-soft-mul" "EXTRA_COMPILER_FLAGS=-ffunction-sections -fdata-sections -Wall -Wextra"
"Compiling axiethernet"
"Running Make libs in microblaze_0/libsrc/bram_v4_1/src"
make -C microblaze_0/libsrc/bram_v4_1/src -s libs  "SHELL=CMD" "COMPILER=mb-gcc" "ARCHIVER=mb-ar" "COMPILER_FLAGS= -O2 -c -mcpu=v10.0 -mlittle-endian -mxl-soft-mul" "EXTRA_COMPILER_FLAGS=-ffunction-sections -fdata-sections -Wall -Wextra"
"Compiling bram"
"Running Make libs in microblaze_0/libsrc/cpu_v2_6/src"
make -C microblaze_0/libsrc/cpu_v2_6/src -s libs  "SHELL=CMD" "COMPILER=mb-gcc" "ARCHIVER=mb-ar" "COMPILER_FLAGS= -O2 -c -mcpu=v10.0 -mlittle-endian -mxl-soft-mul" "EXTRA_COMPILER_FLAGS=-ffunction-sections -fdata-sections -Wall -Wextra"
"Compiling cpu"
"Running Make libs in microblaze_0/libsrc/intc_v3_6/src"
make -C microblaze_0/libsrc/intc_v3_6/src -s libs  "SHELL=CMD" "COMPILER=mb-gcc" "ARCHIVER=mb-ar" "COMPILER_FLAGS= -O2 -c -mcpu=v10.0 -mlittle-endian -mxl-soft-mul" "EXTRA_COMPILER_FLAGS=-ffunction-sections -fdata-sections -Wall -Wextra"
"Compiling intc"
"Running Make libs in microblaze_0/libsrc/lwip141_v1_8/src"
make -C microblaze_0/libsrc/lwip141_v1_8/src -s libs  "SHELL=CMD" "COMPILER=mb-gcc" "ARCHIVER=mb-ar" "COMPILER_FLAGS= -O2 -c -mcpu=v10.0 -mlittle-endian -mxl-soft-mul" "EXTRA_COMPILER_FLAGS=-ffunction-sections -fdata-sections -Wall -Wextra"
"Compiling lwip src and adapter files"
In file included from ../../../include/lwip/ip.h:39:0,
                 from lwip-1.4.1/src/core/ipv4/ip.c:42:
lwip-1.4.1/src/core/ipv4/ip.c: In function 'ip_input':
../../../include/lwip/ip_addr.h:200:39: warning: the comparison will always evaluate as 'false' for the address of 'current_iphdr_src' will never be NULL [-Waddress]
 #define ip_addr_isany(addr1) ((addr1) == NULL || (addr1)->addr == IPADDR_ANY)
                                       ^
lwip-1.4.1/src/core/ipv4/ip.c:473:24: note: in expansion of macro 'ip_addr_isany'
   if (check_ip_src && !ip_addr_isany(&current_iphdr_src))
                        ^~~~~~~~~~~~~
In file included from ../../../include/lwip/netif.h:41:0,
                 from ../../../include/lwip/udp.h:40,
                 from lwip-1.4.1/src/core/dhcp.c:75:
lwip-1.4.1/src/core/dhcp.c: In function 'dhcp_bind':
../../../include/lwip/ip_addr.h:200:39: warning: the comparison will always evaluate as 'false' for the address of 'gw_addr' will never be NULL [-Waddress]
 #define ip_addr_isany(addr1) ((addr1) == NULL || (addr1)->addr == IPADDR_ANY)
                                       ^
lwip-1.4.1/src/core/dhcp.c:987:7: note: in expansion of macro 'ip_addr_isany'
   if (ip_addr_isany(&gw_addr)) {
       ^~~~~~~~~~~~~
contrib/ports/xilinx/netif/xaxiemacif_physpeed.c: In function 'get_phy_negotiated_speed':
contrib/ports/xilinx/netif/xaxiemacif_physpeed.c:254:6: warning: unused variable 'temp' [-Wunused-variable]
  u16 temp;
      ^~~~
contrib/ports/xilinx/netif/xaxiemacif_physpeed.c:253:6: warning: unused variable 'TimeOut' [-Wunused-variable]
  int TimeOut;
      ^~~~~~~
contrib/ports/xilinx/netif/xaxiemacif_physpeed.c:247:6: warning: unused variable 'phy_val' [-Wunused-variable]
  u16 phy_val;
      ^~~~~~~
contrib/ports/xilinx/netif/xaxiemacif_physpeed.c: In function 'get_phy_speed_TI_DP83867':
contrib/ports/xilinx/netif/xaxiemacif_physpeed.c:388:6: warning: unused variable 'partner_capabilities' [-Wunused-variable]
  u16 partner_capabilities;
      ^~~~~~~~~~~~~~~~~~~~
contrib/ports/xilinx/netif/xaxiemacif_physpeed.c:387:6: warning: unused variable 'status' [-Wunused-variable]
  u16 status;
      ^~~~~~
contrib/ports/xilinx/netif/xaxiemacif_physpeed.c: In function 'get_phy_speed_TI_DP83867_SGMII':
contrib/ports/xilinx/netif/xaxiemacif_physpeed.c:424:6: warning: unused variable 'partner_capabilities' [-Wunused-variable]
  u16 partner_capabilities;
      ^~~~~~~~~~~~~~~~~~~~
contrib/ports/xilinx/netif/xaxiemacif_physpeed.c:423:6: warning: unused variable 'temp1' [-Wunused-variable]
  u16 temp1;
      ^~~~~
contrib/ports/xilinx/netif/xaxiemacif_physpeed.c:420:6: warning: unused variable 'phy_val' [-Wunused-variable]
  u16 phy_val;
      ^~~~~~~
contrib/ports/xilinx/netif/xaxiemacif_physpeed.c: In function 'get_phy_speed_88E1111':
contrib/ports/xilinx/netif/xaxiemacif_physpeed.c:561:6: warning: unused variable 'status' [-Wunused-variable]
  u16 status;
      ^~~~~~
contrib/ports/xilinx/netif/xaxiemacif_physpeed.c: In function 'get_IEEE_phy_speed':
contrib/ports/xilinx/netif/xaxiemacif_physpeed.c:643:1: warning: control reaches end of non-void function [-Wreturn-type]
 }
 ^
contrib/ports/xilinx/netif/xaxiemacif_dma.c: In function 'axidma_send_handler':
contrib/ports/xilinx/netif/xaxiemacif_dma.c:269:16: warning: variable 'xaxiemac' set but not used [-Wunused-but-set-variable]
  XAxiEthernet *xaxiemac;
                ^~~~~~~~
contrib/ports/xilinx/netif/xaxiemacif_dma.c:268:22: warning: variable 'xtopologyp' set but not used [-Wunused-but-set-variable]
  struct xtopology_t *xtopologyp;
                      ^~~~~~~~~~
contrib/ports/xilinx/netif/xaxiemacif_dma.c: In function 'setup_rx_bds':
contrib/ports/xilinx/netif/xaxiemacif_dma.c:370:227: warning: suggest braces around empty body in an 'else' statement [-Wempty-body]
     LWIP_DEBUGF(NETIF_DEBUG, ("set of BDs was rejected because the first BD did not have its start-of-packet bit set, or the last BD did not have its end-of-packet bit set, or any one of the BD set has 0 as length value\r\n"));
                                                                                                                                                                                                                                   ^
contrib/ports/xilinx/netif/xaxiemacif_dma.c:315:15: warning: unused variable 'i' [-Wunused-variable]
  s32_t n_bds, i;
               ^
contrib/ports/xilinx/netif/xaxiemacif_dma.c: In function 'axidma_recv_handler':
contrib/ports/xilinx/netif/xaxiemacif_dma.c:439:33: warning: comparison between signed and unsigned integer expressions [-Wsign-compare]
   for (i = 0, rxbd = rxbdset; i < bd_processed; i++) {
                                 ^
contrib/ports/xilinx/netif/xaxiemacif_dma.c:387:16: warning: variable 'xaxiemac' set but not used [-Wunused-but-set-variable]
  XAxiEthernet *xaxiemac;
                ^~~~~~~~
contrib/ports/xilinx/netif/xaxiemacif_dma.c:386:22: warning: variable 'xtopologyp' set but not used [-Wunused-but-set-variable]
  struct xtopology_t *xtopologyp;
                      ^~~~~~~~~~
contrib/ports/xilinx/netif/xaxiemacif_dma.c: In function 'process_sent_bds':
contrib/ports/xilinx/netif/xaxiemacif_dma.c:503:10: warning: unused variable 'status' [-Wunused-variable]
  XStatus status;
          ^~~~~~
At top level:
contrib/ports/xilinx/netif/xaxiemacif_dma.c:148:13: warning: 'bd_csum_set' defined but not used [-Wunused-function]
 static void bd_csum_set(XAxiDma_Bd *bd, u16_t tx_csbegin, u16_t tx_csinsert,
             ^~~~~~~~~~~
contrib/ports/xilinx/netif/xaxiemacif_dma.c:141:13: warning: 'bd_fullcsum_enable' defined but not used [-Wunused-function]
 static void bd_fullcsum_enable(XAxiDma_Bd *bd)
             ^~~~~~~~~~~~~~~~~~
contrib/ports/xilinx/netif/xaxiemacif_dma.c:134:13: warning: 'bd_fullcsum_disable' defined but not used [-Wunused-function]
 static void bd_fullcsum_disable(XAxiDma_Bd *bd)
             ^~~~~~~~~~~~~~~~~~~
contrib/ports/xilinx/netif/xaxiemacif_dma.c:127:13: warning: 'bd_csum_disable' defined but not used [-Wunused-function]
 static void bd_csum_disable(XAxiDma_Bd *bd)
             ^~~~~~~~~~~~~~~
"Running Make libs in microblaze_0/libsrc/standalone_v6_3/src"
make -C microblaze_0/libsrc/standalone_v6_3/src -s libs  "SHELL=CMD" "COMPILER=mb-gcc" "ARCHIVER=mb-ar" "COMPILER_FLAGS= -O2 -c -mcpu=v10.0 -mlittle-endian -mxl-soft-mul" "EXTRA_COMPILER_FLAGS=-ffunction-sections -fdata-sections -Wall -Wextra"
"Compiling standalone";
"Running Make libs in microblaze_0/libsrc/tmrctr_v4_3/src"
make -C microblaze_0/libsrc/tmrctr_v4_3/src -s libs  "SHELL=CMD" "COMPILER=mb-gcc" "ARCHIVER=mb-ar" "COMPILER_FLAGS= -O2 -c -mcpu=v10.0 -mlittle-endian -mxl-soft-mul" "EXTRA_COMPILER_FLAGS=-ffunction-sections -fdata-sections -Wall -Wextra"
"Compiling tmrctr"
"Running Make libs in microblaze_0/libsrc/uartlite_v3_2/src"
make -C microblaze_0/libsrc/uartlite_v3_2/src -s libs  "SHELL=CMD" "COMPILER=mb-gcc" "ARCHIVER=mb-ar" "COMPILER_FLAGS= -O2 -c -mcpu=v10.0 -mlittle-endian -mxl-soft-mul" "EXTRA_COMPILER_FLAGS=-ffunction-sections -fdata-sections -Wall -Wextra"
"Compiling uartlite"
'Finished building libraries'
23:09:41 **** Build of configuration Debug for project ethernet_tutorial ****
make all 
'Building file: ../src/echo.c'
'Invoking: MicroBlaze gcc compiler'
mb-gcc -Wall -O0 -g3 -c -fmessage-length=0 -MT"src/echo.o" -I../../ethernet_tutorial_bsp/microblaze_0/include -mlittle-endian -mcpu=v10.0 -mxl-soft-mul -Wl,--no-relax -ffunction-sections -fdata-sections -MMD -MP -MF"src/echo.d" -MT"src/echo.o" -o "src/echo.o" "../src/echo.c"
'Finished building: ../src/echo.c'
' '
'Building file: ../src/i2c_access.c'
'Invoking: MicroBlaze gcc compiler'
mb-gcc -Wall -O0 -g3 -c -fmessage-length=0 -MT"src/i2c_access.o" -I../../ethernet_tutorial_bsp/microblaze_0/include -mlittle-endian -mcpu=v10.0 -mxl-soft-mul -Wl,--no-relax -ffunction-sections -fdata-sections -MMD -MP -MF"src/i2c_access.d" -MT"src/i2c_access.o" -o "src/i2c_access.o" "../src/i2c_access.c"
'Finished building: ../src/i2c_access.c'
' '
'Building file: ../src/iic_phyreset.c'
'Invoking: MicroBlaze gcc compiler'
mb-gcc -Wall -O0 -g3 -c -fmessage-length=0 -MT"src/iic_phyreset.o" -I../../ethernet_tutorial_bsp/microblaze_0/include -mlittle-endian -mcpu=v10.0 -mxl-soft-mul -Wl,--no-relax -ffunction-sections -fdata-sections -MMD -MP -MF"src/iic_phyreset.d" -MT"src/iic_phyreset.o" -o "src/iic_phyreset.o" "../src/iic_phyreset.c"
'Finished building: ../src/iic_phyreset.c'
' '
'Building file: ../src/main.c'
'Invoking: MicroBlaze gcc compiler'
mb-gcc -Wall -O0 -g3 -c -fmessage-length=0 -MT"src/main.o" -I../../ethernet_tutorial_bsp/microblaze_0/include -mlittle-endian -mcpu=v10.0 -mxl-soft-mul -Wl,--no-relax -ffunction-sections -fdata-sections -MMD -MP -MF"src/main.d" -MT"src/main.o" -o "src/main.o" "../src/main.c"
'Finished building: ../src/main.c'
' '
'Building file: ../src/platform.c'
'Invoking: MicroBlaze gcc compiler'
mb-gcc -Wall -O0 -g3 -c -fmessage-length=0 -MT"src/platform.o" -I../../ethernet_tutorial_bsp/microblaze_0/include -mlittle-endian -mcpu=v10.0 -mxl-soft-mul -Wl,--no-relax -ffunction-sections -fdata-sections -MMD -MP -MF"src/platform.d" -MT"src/platform.o" -o "src/platform.o" "../src/platform.c"
'Finished building: ../src/platform.c'
' '
'Building file: ../src/platform_mb.c'
'Invoking: MicroBlaze gcc compiler'
mb-gcc -Wall -O0 -g3 -c -fmessage-length=0 -MT"src/platform_mb.o" -I../../ethernet_tutorial_bsp/microblaze_0/include -mlittle-endian -mcpu=v10.0 -mxl-soft-mul -Wl,--no-relax -ffunction-sections -fdata-sections -MMD -MP -MF"src/platform_mb.d" -MT"src/platform_mb.o" -o "src/platform_mb.o" "../src/platform_mb.c"
'Finished building: ../src/platform_mb.c'
' '
'Building file: ../src/platform_ppc.c'
'Invoking: MicroBlaze gcc compiler'
mb-gcc -Wall -O0 -g3 -c -fmessage-length=0 -MT"src/platform_ppc.o" -I../../ethernet_tutorial_bsp/microblaze_0/include -mlittle-endian -mcpu=v10.0 -mxl-soft-mul -Wl,--no-relax -ffunction-sections -fdata-sections -MMD -MP -MF"src/platform_ppc.d" -MT"src/platform_ppc.o" -o "src/platform_ppc.o" "../src/platform_ppc.c"
'Finished building: ../src/platform_ppc.c'
' '
'Building file: ../src/platform_zynq.c'
'Invoking: MicroBlaze gcc compiler'
mb-gcc -Wall -O0 -g3 -c -fmessage-length=0 -MT"src/platform_zynq.o" -I../../ethernet_tutorial_bsp/microblaze_0/include -mlittle-endian -mcpu=v10.0 -mxl-soft-mul -Wl,--no-relax -ffunction-sections -fdata-sections -MMD -MP -MF"src/platform_zynq.d" -MT"src/platform_zynq.o" -o "src/platform_zynq.o" "../src/platform_zynq.c"
'Finished building: ../src/platform_zynq.c'
' '
'Building file: ../src/platform_zynqmp.c'
'Invoking: MicroBlaze gcc compiler'
mb-gcc -Wall -O0 -g3 -c -fmessage-length=0 -MT"src/platform_zynqmp.o" -I../../ethernet_tutorial_bsp/microblaze_0/include -mlittle-endian -mcpu=v10.0 -mxl-soft-mul -Wl,--no-relax -ffunction-sections -fdata-sections -MMD -MP -MF"src/platform_zynqmp.d" -MT"src/platform_zynqmp.o" -o "src/platform_zynqmp.o" "../src/platform_zynqmp.c"
'Finished building: ../src/platform_zynqmp.c'
' '
'Building file: ../src/sfp.c'
'Invoking: MicroBlaze gcc compiler'
mb-gcc -Wall -O0 -g3 -c -fmessage-length=0 -MT"src/sfp.o" -I../../ethernet_tutorial_bsp/microblaze_0/include -mlittle-endian -mcpu=v10.0 -mxl-soft-mul -Wl,--no-relax -ffunction-sections -fdata-sections -MMD -MP -MF"src/sfp.d" -MT"src/sfp.o" -o "src/sfp.o" "../src/sfp.c"
'Finished building: ../src/sfp.c'
' '
'Building file: ../src/si5324.c'
'Invoking: MicroBlaze gcc compiler'
mb-gcc -Wall -O0 -g3 -c -fmessage-length=0 -MT"src/si5324.o" -I../../ethernet_tutorial_bsp/microblaze_0/include -mlittle-endian -mcpu=v10.0 -mxl-soft-mul -Wl,--no-relax -ffunction-sections -fdata-sections -MMD -MP -MF"src/si5324.d" -MT"src/si5324.o" -o "src/si5324.o" "../src/si5324.c"
'Finished building: ../src/si5324.c'
' '
'Building target: ethernet_tutorial.elf'
'Invoking: MicroBlaze gcc linker'
mb-gcc -Wl,-T -Wl,../src/lscript.ld -L../../ethernet_tutorial_bsp/microblaze_0/lib -mlittle-endian -mcpu=v10.0 -mxl-soft-mul -Wl,--no-relax -Wl,--gc-sections -o "ethernet_tutorial.elf"  ./src/echo.o ./src/i2c_access.o ./src/iic_phyreset.o ./src/main.o ./src/platform.o ./src/platform_mb.o ./src/platform_ppc.o ./src/platform_zynq.o ./src/platform_zynqmp.o ./src/sfp.o ./src/si5324.o   -Wl,--start-group,-lxil,-lgcc,-lc,--end-group -Wl,--start-group,-lxil,-llwip4,-lgcc,-lc,--end-group
'Finished building target: ethernet_tutorial.elf'
' '
'Invoking: MicroBlaze Print Size'
mb-size ethernet_tutorial.elf  |tee "ethernet_tutorial.elf.size"
   text	   data	    bss	    dec	    hex	filename
 130264	   1536	 749040	 880840	  d70c8	ethernet_tutorial.elf
'Finished building: ethernet_tutorial.elf.size'
' '
23:17:26 **** Incremental Build of configuration Debug for project ethernet_tutorial ****
make all 
make: Nothing to be done for `all'.
23:19:22 **** Auto Build of configuration Debug for project ethernet_tutorial ****
make all 
'Building file: ../src/main.c'
'Invoking: MicroBlaze gcc compiler'
mb-gcc -Wall -O0 -g3 -c -fmessage-length=0 -MT"src/main.o" -I../../ethernet_tutorial_bsp/microblaze_0/include -mlittle-endian -mcpu=v10.0 -mxl-soft-mul -Wl,--no-relax -ffunction-sections -fdata-sections -MMD -MP -MF"src/main.d" -MT"src/main.o" -o "src/main.o" "../src/main.c"
'Finished building: ../src/main.c'
' '
'Building target: ethernet_tutorial.elf'
'Invoking: MicroBlaze gcc linker'
mb-gcc -Wl,-T -Wl,../src/lscript.ld -L../../ethernet_tutorial_bsp/microblaze_0/lib -mlittle-endian -mcpu=v10.0 -mxl-soft-mul -Wl,--no-relax -Wl,--gc-sections -o "ethernet_tutorial.elf"  ./src/echo.o ./src/i2c_access.o ./src/iic_phyreset.o ./src/main.o ./src/platform.o ./src/platform_mb.o ./src/platform_ppc.o ./src/platform_zynq.o ./src/platform_zynqmp.o ./src/sfp.o ./src/si5324.o   -Wl,--start-group,-lxil,-lgcc,-lc,--end-group -Wl,--start-group,-lxil,-llwip4,-lgcc,-lc,--end-group
'Finished building target: ethernet_tutorial.elf'
' '
'Invoking: MicroBlaze Print Size'
mb-size ethernet_tutorial.elf  |tee "ethernet_tutorial.elf.size"
   text	   data	    bss	    dec	    hex	filename
 130264	   1536	 749040	 880840	  d70c8	ethernet_tutorial.elf
'Finished building: ethernet_tutorial.elf.size'
' '
23:19:34 **** Incremental Build of configuration Debug for project ethernet_tutorial ****
make all 
make: Nothing to be done for `all'.
23:21:54 **** Auto Build of configuration Debug for project ethernet_tutorial ****
make all 
'Building file: ../src/main.c'
'Invoking: MicroBlaze gcc compiler'
mb-gcc -Wall -O0 -g3 -c -fmessage-length=0 -MT"src/main.o" -I../../ethernet_tutorial_bsp/microblaze_0/include -mlittle-endian -mcpu=v10.0 -mxl-soft-mul -Wl,--no-relax -ffunction-sections -fdata-sections -MMD -MP -MF"src/main.d" -MT"src/main.o" -o "src/main.o" "../src/main.c"
'Finished building: ../src/main.c'
' '
'Building target: ethernet_tutorial.elf'
'Invoking: MicroBlaze gcc linker'
mb-gcc -Wl,-T -Wl,../src/lscript.ld -L../../ethernet_tutorial_bsp/microblaze_0/lib -mlittle-endian -mcpu=v10.0 -mxl-soft-mul -Wl,--no-relax -Wl,--gc-sections -o "ethernet_tutorial.elf"  ./src/echo.o ./src/i2c_access.o ./src/iic_phyreset.o ./src/main.o ./src/platform.o ./src/platform_mb.o ./src/platform_ppc.o ./src/platform_zynq.o ./src/platform_zynqmp.o ./src/sfp.o ./src/si5324.o   -Wl,--start-group,-lxil,-lgcc,-lc,--end-group -Wl,--start-group,-lxil,-llwip4,-lgcc,-lc,--end-group
'Finished building target: ethernet_tutorial.elf'
' '
'Invoking: MicroBlaze Print Size'
mb-size ethernet_tutorial.elf  |tee "ethernet_tutorial.elf.size"
   text	   data	    bss	    dec	    hex	filename
 130288	   1536	 749040	 880864	  d70e0	ethernet_tutorial.elf
'Finished building: ethernet_tutorial.elf.size'
' '
23:22:06 **** Auto Build of configuration Debug for project ethernet_tutorial ****
make all 
'Building file: ../src/main.c'
'Invoking: MicroBlaze gcc compiler'
mb-gcc -Wall -O0 -g3 -c -fmessage-length=0 -MT"src/main.o" -I../../ethernet_tutorial_bsp/microblaze_0/include -mlittle-endian -mcpu=v10.0 -mxl-soft-mul -Wl,--no-relax -ffunction-sections -fdata-sections -MMD -MP -MF"src/main.d" -MT"src/main.o" -o "src/main.o" "../src/main.c"
'Finished building: ../src/main.c'
' '
'Building target: ethernet_tutorial.elf'
'Invoking: MicroBlaze gcc linker'
mb-gcc -Wl,-T -Wl,../src/lscript.ld -L../../ethernet_tutorial_bsp/microblaze_0/lib -mlittle-endian -mcpu=v10.0 -mxl-soft-mul -Wl,--no-relax -Wl,--gc-sections -o "ethernet_tutorial.elf"  ./src/echo.o ./src/i2c_access.o ./src/iic_phyreset.o ./src/main.o ./src/platform.o ./src/platform_mb.o ./src/platform_ppc.o ./src/platform_zynq.o ./src/platform_zynqmp.o ./src/sfp.o ./src/si5324.o   -Wl,--start-group,-lxil,-lgcc,-lc,--end-group -Wl,--start-group,-lxil,-llwip4,-lgcc,-lc,--end-group
'Finished building target: ethernet_tutorial.elf'
' '
'Invoking: MicroBlaze Print Size'
mb-size ethernet_tutorial.elf  |tee "ethernet_tutorial.elf.size"
   text	   data	    bss	    dec	    hex	filename
 130308	   1536	 749044	 880888	  d70f8	ethernet_tutorial.elf
'Finished building: ethernet_tutorial.elf.size'
' '
23:23:53 **** Incremental Build of configuration Debug for project ethernet_tutorial ****
make all 
make: Nothing to be done for `all'.
23:24:21 **** Auto Build of configuration Debug for project ethernet_tutorial ****
make all 
'Building file: ../src/main.c'
'Invoking: MicroBlaze gcc compiler'
mb-gcc -Wall -O0 -g3 -c -fmessage-length=0 -MT"src/main.o" -I../../ethernet_tutorial_bsp/microblaze_0/include -mlittle-endian -mcpu=v10.0 -mxl-soft-mul -Wl,--no-relax -ffunction-sections -fdata-sections -MMD -MP -MF"src/main.d" -MT"src/main.o" -o "src/main.o" "../src/main.c"
'Finished building: ../src/main.c'
' '
'Building target: ethernet_tutorial.elf'
'Invoking: MicroBlaze gcc linker'
mb-gcc -Wl,-T -Wl,../src/lscript.ld -L../../ethernet_tutorial_bsp/microblaze_0/lib -mlittle-endian -mcpu=v10.0 -mxl-soft-mul -Wl,--no-relax -Wl,--gc-sections -o "ethernet_tutorial.elf"  ./src/echo.o ./src/i2c_access.o ./src/iic_phyreset.o ./src/main.o ./src/platform.o ./src/platform_mb.o ./src/platform_ppc.o ./src/platform_zynq.o ./src/platform_zynqmp.o ./src/sfp.o ./src/si5324.o   -Wl,--start-group,-lxil,-lgcc,-lc,--end-group -Wl,--start-group,-lxil,-llwip4,-lgcc,-lc,--end-group
'Finished building target: ethernet_tutorial.elf'
' '
'Invoking: MicroBlaze Print Size'
mb-size ethernet_tutorial.elf  |tee "ethernet_tutorial.elf.size"
   text	   data	    bss	    dec	    hex	filename
 130328	   1536	 749040	 880904	  d7108	ethernet_tutorial.elf
'Finished building: ethernet_tutorial.elf.size'
' '
23:24:25 **** Incremental Build of configuration Debug for project ethernet_tutorial ****
make all 
make: Nothing to be done for `all'.
23:25:04 **** Incremental Build of configuration Debug for project ethernet_tutorial ****
make all 
make: Nothing to be done for `all'.
23:25:26 **** Auto Build of configuration Debug for project ethernet_tutorial ****
make all 
'Building file: ../src/main.c'
'Invoking: MicroBlaze gcc compiler'
mb-gcc -Wall -O0 -g3 -c -fmessage-length=0 -MT"src/main.o" -I../../ethernet_tutorial_bsp/microblaze_0/include -mlittle-endian -mcpu=v10.0 -mxl-soft-mul -Wl,--no-relax -ffunction-sections -fdata-sections -MMD -MP -MF"src/main.d" -MT"src/main.o" -o "src/main.o" "../src/main.c"
'Finished building: ../src/main.c'
' '
'Building target: ethernet_tutorial.elf'
'Invoking: MicroBlaze gcc linker'
mb-gcc -Wl,-T -Wl,../src/lscript.ld -L../../ethernet_tutorial_bsp/microblaze_0/lib -mlittle-endian -mcpu=v10.0 -mxl-soft-mul -Wl,--no-relax -Wl,--gc-sections -o "ethernet_tutorial.elf"  ./src/echo.o ./src/i2c_access.o ./src/iic_phyreset.o ./src/main.o ./src/platform.o ./src/platform_mb.o ./src/platform_ppc.o ./src/platform_zynq.o ./src/platform_zynqmp.o ./src/sfp.o ./src/si5324.o   -Wl,--start-group,-lxil,-lgcc,-lc,--end-group -Wl,--start-group,-lxil,-llwip4,-lgcc,-lc,--end-group
'Finished building target: ethernet_tutorial.elf'
' '
'Invoking: MicroBlaze Print Size'
mb-size ethernet_tutorial.elf  |tee "ethernet_tutorial.elf.size"
   text	   data	    bss	    dec	    hex	filename
 130264	   1536	 749040	 880840	  d70c8	ethernet_tutorial.elf
'Finished building: ethernet_tutorial.elf.size'
' '
23:44:35 **** Auto Build of configuration Debug for project ethernet_tutorial ****
make all 
'Building file: ../src/main.c'
'Invoking: MicroBlaze gcc compiler'
mb-gcc -Wall -O0 -g3 -c -fmessage-length=0 -MT"src/main.o" -I../../ethernet_tutorial_bsp/microblaze_0/include -mlittle-endian -mcpu=v10.0 -mxl-soft-mul -Wl,--no-relax -ffunction-sections -fdata-sections -MMD -MP -MF"src/main.d" -MT"src/main.o" -o "src/main.o" "../src/main.c"
'Finished building: ../src/main.c'
' '
'Building target: ethernet_tutorial.elf'
'Invoking: MicroBlaze gcc linker'
mb-gcc -Wl,-T -Wl,../src/lscript.ld -L../../ethernet_tutorial_bsp/microblaze_0/lib -mlittle-endian -mcpu=v10.0 -mxl-soft-mul -Wl,--no-relax -Wl,--gc-sections -o "ethernet_tutorial.elf"  ./src/echo.o ./src/i2c_access.o ./src/iic_phyreset.o ./src/main.o ./src/platform.o ./src/platform_mb.o ./src/platform_ppc.o ./src/platform_zynq.o ./src/platform_zynqmp.o ./src/sfp.o ./src/si5324.o   -Wl,--start-group,-lxil,-lgcc,-lc,--end-group -Wl,--start-group,-lxil,-llwip4,-lgcc,-lc,--end-group
'Finished building target: ethernet_tutorial.elf'
' '
'Invoking: MicroBlaze Print Size'
mb-size ethernet_tutorial.elf  |tee "ethernet_tutorial.elf.size"
   text	   data	    bss	    dec	    hex	filename
 130288	   1536	 749040	 880864	  d70e0	ethernet_tutorial.elf
'Finished building: ethernet_tutorial.elf.size'
' '
23:44:40 **** Incremental Build of configuration Debug for project ethernet_tutorial ****
make all 
make: Nothing to be done for `all'.
23:45:26 **** Incremental Build of configuration Debug for project ethernet_tutorial ****
make all 
make: Nothing to be done for `all'.
23:46:00 **** Incremental Build of configuration Debug for project ethernet_tutorial ****
make all 
make: Nothing to be done for `all'.
23:46:59 **** Incremental Build of configuration Debug for project ethernet_tutorial ****
make all 
make: Nothing to be done for `all'.
23:48:15 **** Incremental Build of configuration Debug for project ethernet_tutorial ****
make all 
make: Nothing to be done for `all'.
23:48:55 **** Auto Build of configuration Debug for project ethernet_tutorial ****
make all 
'Building file: ../src/main.c'
'Invoking: MicroBlaze gcc compiler'
mb-gcc -Wall -O0 -g3 -c -fmessage-length=0 -MT"src/main.o" -I../../ethernet_tutorial_bsp/microblaze_0/include -mlittle-endian -mcpu=v10.0 -mxl-soft-mul -Wl,--no-relax -ffunction-sections -fdata-sections -MMD -MP -MF"src/main.d" -MT"src/main.o" -o "src/main.o" "../src/main.c"
'Finished building: ../src/main.c'
' '
'Building target: ethernet_tutorial.elf'
'Invoking: MicroBlaze gcc linker'
mb-gcc -Wl,-T -Wl,../src/lscript.ld -L../../ethernet_tutorial_bsp/microblaze_0/lib -mlittle-endian -mcpu=v10.0 -mxl-soft-mul -Wl,--no-relax -Wl,--gc-sections -o "ethernet_tutorial.elf"  ./src/echo.o ./src/i2c_access.o ./src/iic_phyreset.o ./src/main.o ./src/platform.o ./src/platform_mb.o ./src/platform_ppc.o ./src/platform_zynq.o ./src/platform_zynqmp.o ./src/sfp.o ./src/si5324.o   -Wl,--start-group,-lxil,-lgcc,-lc,--end-group -Wl,--start-group,-lxil,-llwip4,-lgcc,-lc,--end-group
'Finished building target: ethernet_tutorial.elf'
' '
'Invoking: MicroBlaze Print Size'
mb-size ethernet_tutorial.elf  |tee "ethernet_tutorial.elf.size"
   text	   data	    bss	    dec	    hex	filename
 131884	   1536	 749044	 882464	  d7720	ethernet_tutorial.elf
'Finished building: ethernet_tutorial.elf.size'
' '
23:49:03 **** Auto Build of configuration Debug for project ethernet_tutorial ****
make all 
'Building file: ../src/main.c'
'Invoking: MicroBlaze gcc compiler'
mb-gcc -Wall -O0 -g3 -c -fmessage-length=0 -MT"src/main.o" -I../../ethernet_tutorial_bsp/microblaze_0/include -mlittle-endian -mcpu=v10.0 -mxl-soft-mul -Wl,--no-relax -ffunction-sections -fdata-sections -MMD -MP -MF"src/main.d" -MT"src/main.o" -o "src/main.o" "../src/main.c"
'Finished building: ../src/main.c'
' '
'Building target: ethernet_tutorial.elf'
'Invoking: MicroBlaze gcc linker'
mb-gcc -Wl,-T -Wl,../src/lscript.ld -L../../ethernet_tutorial_bsp/microblaze_0/lib -mlittle-endian -mcpu=v10.0 -mxl-soft-mul -Wl,--no-relax -Wl,--gc-sections -o "ethernet_tutorial.elf"  ./src/echo.o ./src/i2c_access.o ./src/iic_phyreset.o ./src/main.o ./src/platform.o ./src/platform_mb.o ./src/platform_ppc.o ./src/platform_zynq.o ./src/platform_zynqmp.o ./src/sfp.o ./src/si5324.o   -Wl,--start-group,-lxil,-lgcc,-lc,--end-group -Wl,--start-group,-lxil,-llwip4,-lgcc,-lc,--end-group
'Finished building target: ethernet_tutorial.elf'
' '
'Invoking: MicroBlaze Print Size'
mb-size ethernet_tutorial.elf  |tee "ethernet_tutorial.elf.size"
   text	   data	    bss	    dec	    hex	filename
 131876	   1536	 749044	 882456	  d7718	ethernet_tutorial.elf
'Finished building: ethernet_tutorial.elf.size'
' '
23:49:10 **** Incremental Build of configuration Debug for project ethernet_tutorial ****
make all 
make: Nothing to be done for `all'.
23:51:44 **** Auto Build of configuration Debug for project ethernet_tutorial ****
make all 
'Building file: ../src/main.c'
'Invoking: MicroBlaze gcc compiler'
mb-gcc -Wall -O0 -g3 -c -fmessage-length=0 -MT"src/main.o" -I../../ethernet_tutorial_bsp/microblaze_0/include -mlittle-endian -mcpu=v10.0 -mxl-soft-mul -Wl,--no-relax -ffunction-sections -fdata-sections -MMD -MP -MF"src/main.d" -MT"src/main.o" -o "src/main.o" "../src/main.c"
'Finished building: ../src/main.c'
' '
'Building target: ethernet_tutorial.elf'
'Invoking: MicroBlaze gcc linker'
mb-gcc -Wl,-T -Wl,../src/lscript.ld -L../../ethernet_tutorial_bsp/microblaze_0/lib -mlittle-endian -mcpu=v10.0 -mxl-soft-mul -Wl,--no-relax -Wl,--gc-sections -o "ethernet_tutorial.elf"  ./src/echo.o ./src/i2c_access.o ./src/iic_phyreset.o ./src/main.o ./src/platform.o ./src/platform_mb.o ./src/platform_ppc.o ./src/platform_zynq.o ./src/platform_zynqmp.o ./src/sfp.o ./src/si5324.o   -Wl,--start-group,-lxil,-lgcc,-lc,--end-group -Wl,--start-group,-lxil,-llwip4,-lgcc,-lc,--end-group
'Finished building target: ethernet_tutorial.elf'
' '
'Invoking: MicroBlaze Print Size'
mb-size ethernet_tutorial.elf  |tee "ethernet_tutorial.elf.size"
   text	   data	    bss	    dec	    hex	filename
 132128	   1536	 749040	 882704	  d7810	ethernet_tutorial.elf
'Finished building: ethernet_tutorial.elf.size'
' '
23:51:48 **** Incremental Build of configuration Debug for project ethernet_tutorial ****
make all 
make: Nothing to be done for `all'.
23:54:04 **** Auto Build of configuration Debug for project ethernet_tutorial ****
make all 
'Building file: ../src/main.c'
'Invoking: MicroBlaze gcc compiler'
mb-gcc -Wall -O0 -g3 -c -fmessage-length=0 -MT"src/main.o" -I../../ethernet_tutorial_bsp/microblaze_0/include -mlittle-endian -mcpu=v10.0 -mxl-soft-mul -Wl,--no-relax -ffunction-sections -fdata-sections -MMD -MP -MF"src/main.d" -MT"src/main.o" -o "src/main.o" "../src/main.c"
'Finished building: ../src/main.c'
' '
'Building target: ethernet_tutorial.elf'
'Invoking: MicroBlaze gcc linker'
mb-gcc -Wl,-T -Wl,../src/lscript.ld -L../../ethernet_tutorial_bsp/microblaze_0/lib -mlittle-endian -mcpu=v10.0 -mxl-soft-mul -Wl,--no-relax -Wl,--gc-sections -o "ethernet_tutorial.elf"  ./src/echo.o ./src/i2c_access.o ./src/iic_phyreset.o ./src/main.o ./src/platform.o ./src/platform_mb.o ./src/platform_ppc.o ./src/platform_zynq.o ./src/platform_zynqmp.o ./src/sfp.o ./src/si5324.o   -Wl,--start-group,-lxil,-lgcc,-lc,--end-group -Wl,--start-group,-lxil,-llwip4,-lgcc,-lc,--end-group
'Finished building target: ethernet_tutorial.elf'
' '
'Invoking: MicroBlaze Print Size'
mb-size ethernet_tutorial.elf  |tee "ethernet_tutorial.elf.size"
   text	   data	    bss	    dec	    hex	filename
 131968	   1536	 749040	 882544	  d7770	ethernet_tutorial.elf
'Finished building: ethernet_tutorial.elf.size'
' '
23:54:11 **** Incremental Build of configuration Debug for project ethernet_tutorial ****
make all 
make: Nothing to be done for `all'.
23:55:58 **** Auto Build of configuration Debug for project ethernet_tutorial ****
make all 
'Building file: ../src/main.c'
'Invoking: MicroBlaze gcc compiler'
mb-gcc -Wall -O0 -g3 -c -fmessage-length=0 -MT"src/main.o" -I../../ethernet_tutorial_bsp/microblaze_0/include -mlittle-endian -mcpu=v10.0 -mxl-soft-mul -Wl,--no-relax -ffunction-sections -fdata-sections -MMD -MP -MF"src/main.d" -MT"src/main.o" -o "src/main.o" "../src/main.c"
../src/main.c: In function 'connect_ack':
../src/main.c:101:16: warning: passing argument 2 of 'tcp_sent' from incompatible pointer type [-Wincompatible-pointer-types]
  tcp_sent(pcb, send_ack);
                ^~~~~~~~
In file included from ../src/main.c:42:0:
../../ethernet_tutorial_bsp/microblaze_0/include/lwip/tcp.h:321:18: note: expected 'tcp_sent_fn {aka signed char (*)(void *, struct tcp_pcb *, short unsigned int)}' but argument is of type 'err_t (*)(void *, struct tcp_pcb *, err_t) {aka signed char (*)(void *, struct tcp_pcb *, signed char)}'
 void             tcp_sent    (struct tcp_pcb *pcb, tcp_sent_fn sent);
                  ^~~~~~~~
'Finished building: ../src/main.c'
' '
'Building target: ethernet_tutorial.elf'
'Invoking: MicroBlaze gcc linker'
mb-gcc -Wl,-T -Wl,../src/lscript.ld -L../../ethernet_tutorial_bsp/microblaze_0/lib -mlittle-endian -mcpu=v10.0 -mxl-soft-mul -Wl,--no-relax -Wl,--gc-sections -o "ethernet_tutorial.elf"  ./src/echo.o ./src/i2c_access.o ./src/iic_phyreset.o ./src/main.o ./src/platform.o ./src/platform_mb.o ./src/platform_ppc.o ./src/platform_zynq.o ./src/platform_zynqmp.o ./src/sfp.o ./src/si5324.o   -Wl,--start-group,-lxil,-lgcc,-lc,--end-group -Wl,--start-group,-lxil,-llwip4,-lgcc,-lc,--end-group
'Finished building target: ethernet_tutorial.elf'
' '
'Invoking: MicroBlaze Print Size'
mb-size ethernet_tutorial.elf  |tee "ethernet_tutorial.elf.size"
   text	   data	    bss	    dec	    hex	filename
 132008	   1536	 749040	 882584	  d7798	ethernet_tutorial.elf
'Finished building: ethernet_tutorial.elf.size'
' '
23:56:06 **** Auto Build of configuration Debug for project ethernet_tutorial ****
make all 
'Building file: ../src/main.c'
'Invoking: MicroBlaze gcc compiler'
mb-gcc -Wall -O0 -g3 -c -fmessage-length=0 -MT"src/main.o" -I../../ethernet_tutorial_bsp/microblaze_0/include -mlittle-endian -mcpu=v10.0 -mxl-soft-mul -Wl,--no-relax -ffunction-sections -fdata-sections -MMD -MP -MF"src/main.d" -MT"src/main.o" -o "src/main.o" "../src/main.c"
../src/main.c: In function 'connect_ack':
../src/main.c:101:16: warning: passing argument 2 of 'tcp_sent' from incompatible pointer type [-Wincompatible-pointer-types]
  tcp_sent(pcb, send_ack);
                ^~~~~~~~
In file included from ../src/main.c:42:0:
../../ethernet_tutorial_bsp/microblaze_0/include/lwip/tcp.h:321:18: note: expected 'tcp_sent_fn {aka signed char (*)(void *, struct tcp_pcb *, short unsigned int)}' but argument is of type 'err_t (*)(void *, struct tcp_pcb *, err_t) {aka signed char (*)(void *, struct tcp_pcb *, signed char)}'
 void             tcp_sent    (struct tcp_pcb *pcb, tcp_sent_fn sent);
                  ^~~~~~~~
'Finished building: ../src/main.c'
' '
'Building target: ethernet_tutorial.elf'
'Invoking: MicroBlaze gcc linker'
mb-gcc -Wl,-T -Wl,../src/lscript.ld -L../../ethernet_tutorial_bsp/microblaze_0/lib -mlittle-endian -mcpu=v10.0 -mxl-soft-mul -Wl,--no-relax -Wl,--gc-sections -o "ethernet_tutorial.elf"  ./src/echo.o ./src/i2c_access.o ./src/iic_phyreset.o ./src/main.o ./src/platform.o ./src/platform_mb.o ./src/platform_ppc.o ./src/platform_zynq.o ./src/platform_zynqmp.o ./src/sfp.o ./src/si5324.o   -Wl,--start-group,-lxil,-lgcc,-lc,--end-group -Wl,--start-group,-lxil,-llwip4,-lgcc,-lc,--end-group
'Finished building target: ethernet_tutorial.elf'
' '
'Invoking: MicroBlaze Print Size'
mb-size ethernet_tutorial.elf  |tee "ethernet_tutorial.elf.size"
   text	   data	    bss	    dec	    hex	filename
 132008	   1536	 749040	 882584	  d7798	ethernet_tutorial.elf
'Finished building: ethernet_tutorial.elf.size'
' '
23:56:10 **** Auto Build of configuration Debug for project ethernet_tutorial ****
make all 
'Building file: ../src/main.c'
'Invoking: MicroBlaze gcc compiler'
mb-gcc -Wall -O0 -g3 -c -fmessage-length=0 -MT"src/main.o" -I../../ethernet_tutorial_bsp/microblaze_0/include -mlittle-endian -mcpu=v10.0 -mxl-soft-mul -Wl,--no-relax -ffunction-sections -fdata-sections -MMD -MP -MF"src/main.d" -MT"src/main.o" -o "src/main.o" "../src/main.c"
../src/main.c: In function 'connect_ack':
../src/main.c:101:16: warning: passing argument 2 of 'tcp_sent' from incompatible pointer type [-Wincompatible-pointer-types]
  tcp_sent(pcb, send_ack);
                ^~~~~~~~
In file included from ../src/main.c:42:0:
../../ethernet_tutorial_bsp/microblaze_0/include/lwip/tcp.h:321:18: note: expected 'tcp_sent_fn {aka signed char (*)(void *, struct tcp_pcb *, short unsigned int)}' but argument is of type 'err_t (*)(void *, struct tcp_pcb *, err_t) {aka signed char (*)(void *, struct tcp_pcb *, signed char)}'
 void             tcp_sent    (struct tcp_pcb *pcb, tcp_sent_fn sent);
                  ^~~~~~~~
'Finished building: ../src/main.c'
' '
'Building target: ethernet_tutorial.elf'
'Invoking: MicroBlaze gcc linker'
mb-gcc -Wl,-T -Wl,../src/lscript.ld -L../../ethernet_tutorial_bsp/microblaze_0/lib -mlittle-endian -mcpu=v10.0 -mxl-soft-mul -Wl,--no-relax -Wl,--gc-sections -o "ethernet_tutorial.elf"  ./src/echo.o ./src/i2c_access.o ./src/iic_phyreset.o ./src/main.o ./src/platform.o ./src/platform_mb.o ./src/platform_ppc.o ./src/platform_zynq.o ./src/platform_zynqmp.o ./src/sfp.o ./src/si5324.o   -Wl,--start-group,-lxil,-lgcc,-lc,--end-group -Wl,--start-group,-lxil,-llwip4,-lgcc,-lc,--end-group
'Finished building target: ethernet_tutorial.elf'
' '
'Invoking: MicroBlaze Print Size'
mb-size ethernet_tutorial.elf  |tee "ethernet_tutorial.elf.size"
   text	   data	    bss	    dec	    hex	filename
 132004	   1536	 749044	 882584	  d7798	ethernet_tutorial.elf
'Finished building: ethernet_tutorial.elf.size'
' '
23:56:31 **** Incremental Build of configuration Debug for project ethernet_tutorial ****
make all 
make: Nothing to be done for `all'.
23:57:52 **** Auto Build of configuration Debug for project ethernet_tutorial ****
make all 
'Building file: ../src/main.c'
'Invoking: MicroBlaze gcc compiler'
mb-gcc -Wall -O0 -g3 -c -fmessage-length=0 -MT"src/main.o" -I../../ethernet_tutorial_bsp/microblaze_0/include -mlittle-endian -mcpu=v10.0 -mxl-soft-mul -Wl,--no-relax -ffunction-sections -fdata-sections -MMD -MP -MF"src/main.d" -MT"src/main.o" -o "src/main.o" "../src/main.c"
../src/main.c: In function 'connect_ack':
../src/main.c:103:16: warning: passing argument 2 of 'tcp_sent' from incompatible pointer type [-Wincompatible-pointer-types]
  tcp_sent(pcb, send_ack);
                ^~~~~~~~
In file included from ../src/main.c:42:0:
../../ethernet_tutorial_bsp/microblaze_0/include/lwip/tcp.h:321:18: note: expected 'tcp_sent_fn {aka signed char (*)(void *, struct tcp_pcb *, short unsigned int)}' but argument is of type 'err_t (*)(void *, struct tcp_pcb *, err_t) {aka signed char (*)(void *, struct tcp_pcb *, signed char)}'
 void             tcp_sent    (struct tcp_pcb *pcb, tcp_sent_fn sent);
                  ^~~~~~~~
'Finished building: ../src/main.c'
' '
'Building target: ethernet_tutorial.elf'
'Invoking: MicroBlaze gcc linker'
mb-gcc -Wl,-T -Wl,../src/lscript.ld -L../../ethernet_tutorial_bsp/microblaze_0/lib -mlittle-endian -mcpu=v10.0 -mxl-soft-mul -Wl,--no-relax -Wl,--gc-sections -o "ethernet_tutorial.elf"  ./src/echo.o ./src/i2c_access.o ./src/iic_phyreset.o ./src/main.o ./src/platform.o ./src/platform_mb.o ./src/platform_ppc.o ./src/platform_zynq.o ./src/platform_zynqmp.o ./src/sfp.o ./src/si5324.o   -Wl,--start-group,-lxil,-lgcc,-lc,--end-group -Wl,--start-group,-lxil,-llwip4,-lgcc,-lc,--end-group
'Finished building target: ethernet_tutorial.elf'
' '
'Invoking: MicroBlaze Print Size'
mb-size ethernet_tutorial.elf  |tee "ethernet_tutorial.elf.size"
   text	   data	    bss	    dec	    hex	filename
 132004	   1536	6969844	7103384	 6c6398	ethernet_tutorial.elf
'Finished building: ethernet_tutorial.elf.size'
' '
23:58:27 **** Auto Build of configuration Debug for project ethernet_tutorial ****
make all 
'Building file: ../src/main.c'
'Invoking: MicroBlaze gcc compiler'
mb-gcc -Wall -O0 -g3 -c -fmessage-length=0 -MT"src/main.o" -I../../ethernet_tutorial_bsp/microblaze_0/include -mlittle-endian -mcpu=v10.0 -mxl-soft-mul -Wl,--no-relax -ffunction-sections -fdata-sections -MMD -MP -MF"src/main.d" -MT"src/main.o" -o "src/main.o" "../src/main.c"
../src/main.c: In function 'connect_ack':
../src/main.c:103:16: warning: passing argument 2 of 'tcp_sent' from incompatible pointer type [-Wincompatible-pointer-types]
  tcp_sent(pcb, send_ack);
                ^~~~~~~~
In file included from ../src/main.c:42:0:
../../ethernet_tutorial_bsp/microblaze_0/include/lwip/tcp.h:321:18: note: expected 'tcp_sent_fn {aka signed char (*)(void *, struct tcp_pcb *, short unsigned int)}' but argument is of type 'err_t (*)(void *, struct tcp_pcb *, err_t) {aka signed char (*)(void *, struct tcp_pcb *, signed char)}'
 void             tcp_sent    (struct tcp_pcb *pcb, tcp_sent_fn sent);
                  ^~~~~~~~
'Finished building: ../src/main.c'
' '
'Building target: ethernet_tutorial.elf'
'Invoking: MicroBlaze gcc linker'
mb-gcc -Wl,-T -Wl,../src/lscript.ld -L../../ethernet_tutorial_bsp/microblaze_0/lib -mlittle-endian -mcpu=v10.0 -mxl-soft-mul -Wl,--no-relax -Wl,--gc-sections -o "ethernet_tutorial.elf"  ./src/echo.o ./src/i2c_access.o ./src/iic_phyreset.o ./src/main.o ./src/platform.o ./src/platform_mb.o ./src/platform_ppc.o ./src/platform_zynq.o ./src/platform_zynqmp.o ./src/sfp.o ./src/si5324.o   -Wl,--start-group,-lxil,-lgcc,-lc,--end-group -Wl,--start-group,-lxil,-llwip4,-lgcc,-lc,--end-group
'Finished building target: ethernet_tutorial.elf'
' '
'Invoking: MicroBlaze Print Size'
mb-size ethernet_tutorial.elf  |tee "ethernet_tutorial.elf.size"
   text	   data	    bss	    dec	    hex	filename
 132004	   1536	6969844	7103384	 6c6398	ethernet_tutorial.elf
'Finished building: ethernet_tutorial.elf.size'
' '
23:59:06 **** Auto Build of configuration Debug for project ethernet_tutorial ****
make all 
'Building file: ../src/main.c'
'Invoking: MicroBlaze gcc compiler'
mb-gcc -Wall -O0 -g3 -c -fmessage-length=0 -MT"src/main.o" -I../../ethernet_tutorial_bsp/microblaze_0/include -mlittle-endian -mcpu=v10.0 -mxl-soft-mul -Wl,--no-relax -ffunction-sections -fdata-sections -MMD -MP -MF"src/main.d" -MT"src/main.o" -o "src/main.o" "../src/main.c"
'Finished building: ../src/main.c'
' '
'Building target: ethernet_tutorial.elf'
'Invoking: MicroBlaze gcc linker'
mb-gcc -Wl,-T -Wl,../src/lscript.ld -L../../ethernet_tutorial_bsp/microblaze_0/lib -mlittle-endian -mcpu=v10.0 -mxl-soft-mul -Wl,--no-relax -Wl,--gc-sections -o "ethernet_tutorial.elf"  ./src/echo.o ./src/i2c_access.o ./src/iic_phyreset.o ./src/main.o ./src/platform.o ./src/platform_mb.o ./src/platform_ppc.o ./src/platform_zynq.o ./src/platform_zynqmp.o ./src/sfp.o ./src/si5324.o   -Wl,--start-group,-lxil,-lgcc,-lc,--end-group -Wl,--start-group,-lxil,-llwip4,-lgcc,-lc,--end-group
'Finished building target: ethernet_tutorial.elf'
' '
'Invoking: MicroBlaze Print Size'
mb-size ethernet_tutorial.elf  |tee "ethernet_tutorial.elf.size"
   text	   data	    bss	    dec	    hex	filename
 132004	   1536	6969844	7103384	 6c6398	ethernet_tutorial.elf
'Finished building: ethernet_tutorial.elf.size'
' '
00:02:32 **** Auto Build of configuration Debug for project ethernet_tutorial ****
make all 
'Building file: ../src/main.c'
'Invoking: MicroBlaze gcc compiler'
mb-gcc -Wall -O0 -g3 -c -fmessage-length=0 -MT"src/main.o" -I../../ethernet_tutorial_bsp/microblaze_0/include -mlittle-endian -mcpu=v10.0 -mxl-soft-mul -Wl,--no-relax -ffunction-sections -fdata-sections -MMD -MP -MF"src/main.d" -MT"src/main.o" -o "src/main.o" "../src/main.c"
../src/main.c: In function 'main':
../src/main.c:199:18: warning: passing argument 2 of 'tcp_sent' from incompatible pointer type [-Wincompatible-pointer-types]
    tcp_sent(pcb, send_data);
                  ^~~~~~~~~
In file included from ../src/main.c:42:0:
../../ethernet_tutorial_bsp/microblaze_0/include/lwip/tcp.h:321:18: note: expected 'tcp_sent_fn {aka signed char (*)(void *, struct tcp_pcb *, short unsigned int)}' but argument is of type 'err_t (*)(void *, struct tcp_pcb *, err_t) {aka signed char (*)(void *, struct tcp_pcb *, signed char)}'
 void             tcp_sent    (struct tcp_pcb *pcb, tcp_sent_fn sent);
                  ^~~~~~~~
'Finished building: ../src/main.c'
' '
'Building target: ethernet_tutorial.elf'
'Invoking: MicroBlaze gcc linker'
mb-gcc -Wl,-T -Wl,../src/lscript.ld -L../../ethernet_tutorial_bsp/microblaze_0/lib -mlittle-endian -mcpu=v10.0 -mxl-soft-mul -Wl,--no-relax -Wl,--gc-sections -o "ethernet_tutorial.elf"  ./src/echo.o ./src/i2c_access.o ./src/iic_phyreset.o ./src/main.o ./src/platform.o ./src/platform_mb.o ./src/platform_ppc.o ./src/platform_zynq.o ./src/platform_zynqmp.o ./src/sfp.o ./src/si5324.o   -Wl,--start-group,-lxil,-lgcc,-lc,--end-group -Wl,--start-group,-lxil,-llwip4,-lgcc,-lc,--end-group
'Finished building target: ethernet_tutorial.elf'
' '
'Invoking: MicroBlaze Print Size'
mb-size ethernet_tutorial.elf  |tee "ethernet_tutorial.elf.size"
   text	   data	    bss	    dec	    hex	filename
 132048	   1536	6969848	7103432	 6c63c8	ethernet_tutorial.elf
'Finished building: ethernet_tutorial.elf.size'
' '
00:02:43 **** Incremental Build of configuration Debug for project ethernet_tutorial ****
make all 
make: Nothing to be done for `all'.
00:04:53 **** Auto Build of configuration Debug for project ethernet_tutorial ****
make all 
'Building file: ../src/main.c'
'Invoking: MicroBlaze gcc compiler'
mb-gcc -Wall -O0 -g3 -c -fmessage-length=0 -MT"src/main.o" -I../../ethernet_tutorial_bsp/microblaze_0/include -mlittle-endian -mcpu=v10.0 -mxl-soft-mul -Wl,--no-relax -ffunction-sections -fdata-sections -MMD -MP -MF"src/main.d" -MT"src/main.o" -o "src/main.o" "../src/main.c"
../src/main.c: In function 'main':
../src/main.c:199:18: warning: passing argument 2 of 'tcp_sent' from incompatible pointer type [-Wincompatible-pointer-types]
    tcp_sent(pcb, send_data);
                  ^~~~~~~~~
In file included from ../src/main.c:42:0:
../../ethernet_tutorial_bsp/microblaze_0/include/lwip/tcp.h:321:18: note: expected 'tcp_sent_fn {aka signed char (*)(void *, struct tcp_pcb *, short unsigned int)}' but argument is of type 'err_t (*)(void *, struct tcp_pcb *, err_t) {aka signed char (*)(void *, struct tcp_pcb *, signed char)}'
 void             tcp_sent    (struct tcp_pcb *pcb, tcp_sent_fn sent);
                  ^~~~~~~~
'Finished building: ../src/main.c'
' '
'Building target: ethernet_tutorial.elf'
'Invoking: MicroBlaze gcc linker'
mb-gcc -Wl,-T -Wl,../src/lscript.ld -L../../ethernet_tutorial_bsp/microblaze_0/lib -mlittle-endian -mcpu=v10.0 -mxl-soft-mul -Wl,--no-relax -Wl,--gc-sections -o "ethernet_tutorial.elf"  ./src/echo.o ./src/i2c_access.o ./src/iic_phyreset.o ./src/main.o ./src/platform.o ./src/platform_mb.o ./src/platform_ppc.o ./src/platform_zynq.o ./src/platform_zynqmp.o ./src/sfp.o ./src/si5324.o   -Wl,--start-group,-lxil,-lgcc,-lc,--end-group -Wl,--start-group,-lxil,-llwip4,-lgcc,-lc,--end-group
'Finished building target: ethernet_tutorial.elf'
' '
'Invoking: MicroBlaze Print Size'
mb-size ethernet_tutorial.elf  |tee "ethernet_tutorial.elf.size"
   text	   data	    bss	    dec	    hex	filename
 132052	   1536	6969852	7103440	 6c63d0	ethernet_tutorial.elf
'Finished building: ethernet_tutorial.elf.size'
' '
00:04:57 **** Incremental Build of configuration Debug for project ethernet_tutorial ****
make all 
make: Nothing to be done for `all'.
00:05:43 **** Auto Build of configuration Debug for project ethernet_tutorial ****
make all 
'Building file: ../src/main.c'
'Invoking: MicroBlaze gcc compiler'
mb-gcc -Wall -O0 -g3 -c -fmessage-length=0 -MT"src/main.o" -I../../ethernet_tutorial_bsp/microblaze_0/include -mlittle-endian -mcpu=v10.0 -mxl-soft-mul -Wl,--no-relax -ffunction-sections -fdata-sections -MMD -MP -MF"src/main.d" -MT"src/main.o" -o "src/main.o" "../src/main.c"
../src/main.c: In function 'main':
../src/main.c:198:18: warning: passing argument 2 of 'tcp_sent' from incompatible pointer type [-Wincompatible-pointer-types]
    tcp_sent(pcb, send_data);
                  ^~~~~~~~~
In file included from ../src/main.c:42:0:
../../ethernet_tutorial_bsp/microblaze_0/include/lwip/tcp.h:321:18: note: expected 'tcp_sent_fn {aka signed char (*)(void *, struct tcp_pcb *, short unsigned int)}' but argument is of type 'err_t (*)(void *, struct tcp_pcb *, err_t) {aka signed char (*)(void *, struct tcp_pcb *, signed char)}'
 void             tcp_sent    (struct tcp_pcb *pcb, tcp_sent_fn sent);
                  ^~~~~~~~
'Finished building: ../src/main.c'
' '
'Building target: ethernet_tutorial.elf'
'Invoking: MicroBlaze gcc linker'
mb-gcc -Wl,-T -Wl,../src/lscript.ld -L../../ethernet_tutorial_bsp/microblaze_0/lib -mlittle-endian -mcpu=v10.0 -mxl-soft-mul -Wl,--no-relax -Wl,--gc-sections -o "ethernet_tutorial.elf"  ./src/echo.o ./src/i2c_access.o ./src/iic_phyreset.o ./src/main.o ./src/platform.o ./src/platform_mb.o ./src/platform_ppc.o ./src/platform_zynq.o ./src/platform_zynqmp.o ./src/sfp.o ./src/si5324.o   -Wl,--start-group,-lxil,-lgcc,-lc,--end-group -Wl,--start-group,-lxil,-llwip4,-lgcc,-lc,--end-group
'Finished building target: ethernet_tutorial.elf'
' '
'Invoking: MicroBlaze Print Size'
mb-size ethernet_tutorial.elf  |tee "ethernet_tutorial.elf.size"
   text	   data	    bss	    dec	    hex	filename
 132036	   1536	6969852	7103424	 6c63c0	ethernet_tutorial.elf
'Finished building: ethernet_tutorial.elf.size'
' '
00:06:44 **** Auto Build of configuration Debug for project ethernet_tutorial ****
make all 
'Building file: ../src/main.c'
'Invoking: MicroBlaze gcc compiler'
mb-gcc -Wall -O0 -g3 -c -fmessage-length=0 -MT"src/main.o" -I../../ethernet_tutorial_bsp/microblaze_0/include -mlittle-endian -mcpu=v10.0 -mxl-soft-mul -Wl,--no-relax -ffunction-sections -fdata-sections -MMD -MP -MF"src/main.d" -MT"src/main.o" -o "src/main.o" "../src/main.c"
../src/main.c: In function 'main':
../src/main.c:200:18: warning: passing argument 2 of 'tcp_sent' from incompatible pointer type [-Wincompatible-pointer-types]
    tcp_sent(pcb, send_data);
                  ^~~~~~~~~
In file included from ../src/main.c:42:0:
../../ethernet_tutorial_bsp/microblaze_0/include/lwip/tcp.h:321:18: note: expected 'tcp_sent_fn {aka signed char (*)(void *, struct tcp_pcb *, short unsigned int)}' but argument is of type 'err_t (*)(void *, struct tcp_pcb *, err_t) {aka signed char (*)(void *, struct tcp_pcb *, signed char)}'
 void             tcp_sent    (struct tcp_pcb *pcb, tcp_sent_fn sent);
                  ^~~~~~~~
'Finished building: ../src/main.c'
' '
'Building target: ethernet_tutorial.elf'
'Invoking: MicroBlaze gcc linker'
mb-gcc -Wl,-T -Wl,../src/lscript.ld -L../../ethernet_tutorial_bsp/microblaze_0/lib -mlittle-endian -mcpu=v10.0 -mxl-soft-mul -Wl,--no-relax -Wl,--gc-sections -o "ethernet_tutorial.elf"  ./src/echo.o ./src/i2c_access.o ./src/iic_phyreset.o ./src/main.o ./src/platform.o ./src/platform_mb.o ./src/platform_ppc.o ./src/platform_zynq.o ./src/platform_zynqmp.o ./src/sfp.o ./src/si5324.o   -Wl,--start-group,-lxil,-lgcc,-lc,--end-group -Wl,--start-group,-lxil,-llwip4,-lgcc,-lc,--end-group
'Finished building target: ethernet_tutorial.elf'
' '
'Invoking: MicroBlaze Print Size'
mb-size ethernet_tutorial.elf  |tee "ethernet_tutorial.elf.size"
   text	   data	    bss	    dec	    hex	filename
 132072	   1536	6969848	7103456	 6c63e0	ethernet_tutorial.elf
'Finished building: ethernet_tutorial.elf.size'
' '
00:06:49 **** Incremental Build of configuration Debug for project ethernet_tutorial ****
make all 
make: Nothing to be done for `all'.
00:12:12 **** Auto Build of configuration Debug for project ethernet_tutorial ****
make all 
'Building file: ../src/main.c'
'Invoking: MicroBlaze gcc compiler'
mb-gcc -Wall -O0 -g3 -c -fmessage-length=0 -MT"src/main.o" -I../../ethernet_tutorial_bsp/microblaze_0/include -mlittle-endian -mcpu=v10.0 -mxl-soft-mul -Wl,--no-relax -ffunction-sections -fdata-sections -MMD -MP -MF"src/main.d" -MT"src/main.o" -o "src/main.o" "../src/main.c"
../src/main.c: In function 'main':
../src/main.c:206:18: warning: passing argument 2 of 'tcp_sent' from incompatible pointer type [-Wincompatible-pointer-types]
    tcp_sent(pcb, send_data);
                  ^~~~~~~~~
In file included from ../src/main.c:42:0:
../../ethernet_tutorial_bsp/microblaze_0/include/lwip/tcp.h:321:18: note: expected 'tcp_sent_fn {aka signed char (*)(void *, struct tcp_pcb *, short unsigned int)}' but argument is of type 'err_t (*)(void *, struct tcp_pcb *, err_t) {aka signed char (*)(void *, struct tcp_pcb *, signed char)}'
 void             tcp_sent    (struct tcp_pcb *pcb, tcp_sent_fn sent);
                  ^~~~~~~~
'Finished building: ../src/main.c'
' '
'Building target: ethernet_tutorial.elf'
'Invoking: MicroBlaze gcc linker'
mb-gcc -Wl,-T -Wl,../src/lscript.ld -L../../ethernet_tutorial_bsp/microblaze_0/lib -mlittle-endian -mcpu=v10.0 -mxl-soft-mul -Wl,--no-relax -Wl,--gc-sections -o "ethernet_tutorial.elf"  ./src/echo.o ./src/i2c_access.o ./src/iic_phyreset.o ./src/main.o ./src/platform.o ./src/platform_mb.o ./src/platform_ppc.o ./src/platform_zynq.o ./src/platform_zynqmp.o ./src/sfp.o ./src/si5324.o   -Wl,--start-group,-lxil,-lgcc,-lc,--end-group -Wl,--start-group,-lxil,-llwip4,-lgcc,-lc,--end-group
'Finished building target: ethernet_tutorial.elf'
' '
'Invoking: MicroBlaze Print Size'
mb-size ethernet_tutorial.elf  |tee "ethernet_tutorial.elf.size"
   text	   data	    bss	    dec	    hex	filename
 132240	   1536	6969848	7103624	 6c6488	ethernet_tutorial.elf
'Finished building: ethernet_tutorial.elf.size'
' '
00:12:41 **** Incremental Build of configuration Debug for project ethernet_tutorial ****
make all 
make: Nothing to be done for `all'.
00:14:00 **** Auto Build of configuration Debug for project ethernet_tutorial ****
make all 
'Building file: ../src/main.c'
'Invoking: MicroBlaze gcc compiler'
mb-gcc -Wall -O0 -g3 -c -fmessage-length=0 -MT"src/main.o" -I../../ethernet_tutorial_bsp/microblaze_0/include -mlittle-endian -mcpu=v10.0 -mxl-soft-mul -Wl,--no-relax -ffunction-sections -fdata-sections -MMD -MP -MF"src/main.d" -MT"src/main.o" -o "src/main.o" "../src/main.c"
../src/main.c: In function 'main':
../src/main.c:206:18: warning: passing argument 2 of 'tcp_sent' from incompatible pointer type [-Wincompatible-pointer-types]
    tcp_sent(pcb, send_data);
                  ^~~~~~~~~
In file included from ../src/main.c:42:0:
../../ethernet_tutorial_bsp/microblaze_0/include/lwip/tcp.h:321:18: note: expected 'tcp_sent_fn {aka signed char (*)(void *, struct tcp_pcb *, short unsigned int)}' but argument is of type 'err_t (*)(void *, struct tcp_pcb *, err_t) {aka signed char (*)(void *, struct tcp_pcb *, signed char)}'
 void             tcp_sent    (struct tcp_pcb *pcb, tcp_sent_fn sent);
                  ^~~~~~~~
'Finished building: ../src/main.c'
' '
'Building target: ethernet_tutorial.elf'
'Invoking: MicroBlaze gcc linker'
mb-gcc -Wl,-T -Wl,../src/lscript.ld -L../../ethernet_tutorial_bsp/microblaze_0/lib -mlittle-endian -mcpu=v10.0 -mxl-soft-mul -Wl,--no-relax -Wl,--gc-sections -o "ethernet_tutorial.elf"  ./src/echo.o ./src/i2c_access.o ./src/iic_phyreset.o ./src/main.o ./src/platform.o ./src/platform_mb.o ./src/platform_ppc.o ./src/platform_zynq.o ./src/platform_zynqmp.o ./src/sfp.o ./src/si5324.o   -Wl,--start-group,-lxil,-lgcc,-lc,--end-group -Wl,--start-group,-lxil,-llwip4,-lgcc,-lc,--end-group
'Finished building target: ethernet_tutorial.elf'
' '
'Invoking: MicroBlaze Print Size'
mb-size ethernet_tutorial.elf  |tee "ethernet_tutorial.elf.size"
   text	   data	    bss	    dec	    hex	filename
 132240	   1536	6969848	7103624	 6c6488	ethernet_tutorial.elf
'Finished building: ethernet_tutorial.elf.size'
' '
00:14:28 **** Incremental Build of configuration Debug for project ethernet_tutorial ****
make all 
make: Nothing to be done for `all'.
00:19:32 **** Incremental Build of configuration Debug for project ethernet_tutorial ****
make all 
make: Nothing to be done for `all'.
00:20:25 **** Incremental Build of configuration Debug for project ethernet_tutorial ****
make all 
make: Nothing to be done for `all'.
00:26:29 **** Incremental Build of configuration Debug for project ethernet_tutorial ****
make all 
make: Nothing to be done for `all'.
00:32:42 **** Incremental Build of configuration Debug for project ethernet_tutorial ****
make all 
make: Nothing to be done for `all'.
00:38:39 **** Auto Build of configuration Debug for project ethernet_tutorial ****
make all 
'Building file: ../src/main.c'
'Invoking: MicroBlaze gcc compiler'
mb-gcc -Wall -O0 -g3 -c -fmessage-length=0 -MT"src/main.o" -I../../ethernet_tutorial_bsp/microblaze_0/include -mlittle-endian -mcpu=v10.0 -mxl-soft-mul -Wl,--no-relax -ffunction-sections -fdata-sections -MMD -MP -MF"src/main.d" -MT"src/main.o" -o "src/main.o" "../src/main.c"
../src/main.c: In function 'main':
../src/main.c:204:18: warning: passing argument 2 of 'tcp_sent' from incompatible pointer type [-Wincompatible-pointer-types]
    tcp_sent(pcb, send_data);
                  ^~~~~~~~~
In file included from ../src/main.c:42:0:
../../ethernet_tutorial_bsp/microblaze_0/include/lwip/tcp.h:321:18: note: expected 'tcp_sent_fn {aka signed char (*)(void *, struct tcp_pcb *, short unsigned int)}' but argument is of type 'err_t (*)(void *, struct tcp_pcb *, err_t) {aka signed char (*)(void *, struct tcp_pcb *, signed char)}'
 void             tcp_sent    (struct tcp_pcb *pcb, tcp_sent_fn sent);
                  ^~~~~~~~
'Finished building: ../src/main.c'
' '
'Building target: ethernet_tutorial.elf'
'Invoking: MicroBlaze gcc linker'
mb-gcc -Wl,-T -Wl,../src/lscript.ld -L../../ethernet_tutorial_bsp/microblaze_0/lib -mlittle-endian -mcpu=v10.0 -mxl-soft-mul -Wl,--no-relax -Wl,--gc-sections -o "ethernet_tutorial.elf"  ./src/echo.o ./src/i2c_access.o ./src/iic_phyreset.o ./src/main.o ./src/platform.o ./src/platform_mb.o ./src/platform_ppc.o ./src/platform_zynq.o ./src/platform_zynqmp.o ./src/sfp.o ./src/si5324.o   -Wl,--start-group,-lxil,-lgcc,-lc,--end-group -Wl,--start-group,-lxil,-llwip4,-lgcc,-lc,--end-group
'Finished building target: ethernet_tutorial.elf'
' '
'Invoking: MicroBlaze Print Size'
mb-size ethernet_tutorial.elf  |tee "ethernet_tutorial.elf.size"
   text	   data	    bss	    dec	    hex	filename
 132204	   1536	6969852	7103592	 6c6468	ethernet_tutorial.elf
'Finished building: ethernet_tutorial.elf.size'
' '
00:38:51 **** Incremental Build of configuration Debug for project ethernet_tutorial ****
make all 
make: Nothing to be done for `all'.
00:40:35 **** Auto Build of configuration Debug for project ethernet_tutorial ****
make all 
'Building file: ../src/main.c'
'Invoking: MicroBlaze gcc compiler'
mb-gcc -Wall -O0 -g3 -c -fmessage-length=0 -MT"src/main.o" -I../../ethernet_tutorial_bsp/microblaze_0/include -mlittle-endian -mcpu=v10.0 -mxl-soft-mul -Wl,--no-relax -ffunction-sections -fdata-sections -MMD -MP -MF"src/main.d" -MT"src/main.o" -o "src/main.o" "../src/main.c"
../src/main.c: In function 'main':
../src/main.c:206:18: warning: passing argument 2 of 'tcp_sent' from incompatible pointer type [-Wincompatible-pointer-types]
    tcp_sent(pcb, send_data);
                  ^~~~~~~~~
In file included from ../src/main.c:42:0:
../../ethernet_tutorial_bsp/microblaze_0/include/lwip/tcp.h:321:18: note: expected 'tcp_sent_fn {aka signed char (*)(void *, struct tcp_pcb *, short unsigned int)}' but argument is of type 'err_t (*)(void *, struct tcp_pcb *, err_t) {aka signed char (*)(void *, struct tcp_pcb *, signed char)}'
 void             tcp_sent    (struct tcp_pcb *pcb, tcp_sent_fn sent);
                  ^~~~~~~~
'Finished building: ../src/main.c'
' '
'Building target: ethernet_tutorial.elf'
'Invoking: MicroBlaze gcc linker'
mb-gcc -Wl,-T -Wl,../src/lscript.ld -L../../ethernet_tutorial_bsp/microblaze_0/lib -mlittle-endian -mcpu=v10.0 -mxl-soft-mul -Wl,--no-relax -Wl,--gc-sections -o "ethernet_tutorial.elf"  ./src/echo.o ./src/i2c_access.o ./src/iic_phyreset.o ./src/main.o ./src/platform.o ./src/platform_mb.o ./src/platform_ppc.o ./src/platform_zynq.o ./src/platform_zynqmp.o ./src/sfp.o ./src/si5324.o   -Wl,--start-group,-lxil,-lgcc,-lc,--end-group -Wl,--start-group,-lxil,-llwip4,-lgcc,-lc,--end-group
'Finished building target: ethernet_tutorial.elf'
' '
'Invoking: MicroBlaze Print Size'
mb-size ethernet_tutorial.elf  |tee "ethernet_tutorial.elf.size"
   text	   data	    bss	    dec	    hex	filename
 132228	   1536	6969852	7103616	 6c6480	ethernet_tutorial.elf
'Finished building: ethernet_tutorial.elf.size'
' '
00:40:41 **** Auto Build of configuration Debug for project ethernet_tutorial ****
make all 
'Building file: ../src/main.c'
'Invoking: MicroBlaze gcc compiler'
mb-gcc -Wall -O0 -g3 -c -fmessage-length=0 -MT"src/main.o" -I../../ethernet_tutorial_bsp/microblaze_0/include -mlittle-endian -mcpu=v10.0 -mxl-soft-mul -Wl,--no-relax -ffunction-sections -fdata-sections -MMD -MP -MF"src/main.d" -MT"src/main.o" -o "src/main.o" "../src/main.c"
../src/main.c: In function 'main':
../src/main.c:204:18: warning: passing argument 2 of 'tcp_sent' from incompatible pointer type [-Wincompatible-pointer-types]
    tcp_sent(pcb, send_data);
                  ^~~~~~~~~
In file included from ../src/main.c:42:0:
../../ethernet_tutorial_bsp/microblaze_0/include/lwip/tcp.h:321:18: note: expected 'tcp_sent_fn {aka signed char (*)(void *, struct tcp_pcb *, short unsigned int)}' but argument is of type 'err_t (*)(void *, struct tcp_pcb *, err_t) {aka signed char (*)(void *, struct tcp_pcb *, signed char)}'
 void             tcp_sent    (struct tcp_pcb *pcb, tcp_sent_fn sent);
                  ^~~~~~~~
'Finished building: ../src/main.c'
' '
'Building target: ethernet_tutorial.elf'
'Invoking: MicroBlaze gcc linker'
mb-gcc -Wl,-T -Wl,../src/lscript.ld -L../../ethernet_tutorial_bsp/microblaze_0/lib -mlittle-endian -mcpu=v10.0 -mxl-soft-mul -Wl,--no-relax -Wl,--gc-sections -o "ethernet_tutorial.elf"  ./src/echo.o ./src/i2c_access.o ./src/iic_phyreset.o ./src/main.o ./src/platform.o ./src/platform_mb.o ./src/platform_ppc.o ./src/platform_zynq.o ./src/platform_zynqmp.o ./src/sfp.o ./src/si5324.o   -Wl,--start-group,-lxil,-lgcc,-lc,--end-group -Wl,--start-group,-lxil,-llwip4,-lgcc,-lc,--end-group
'Finished building target: ethernet_tutorial.elf'
' '
'Invoking: MicroBlaze Print Size'
mb-size ethernet_tutorial.elf  |tee "ethernet_tutorial.elf.size"
   text	   data	    bss	    dec	    hex	filename
 132164	   1536	6969852	7103552	 6c6440	ethernet_tutorial.elf
'Finished building: ethernet_tutorial.elf.size'
' '
00:40:51 **** Incremental Build of configuration Debug for project ethernet_tutorial ****
make all 
make: Nothing to be done for `all'.
00:42:07 **** Incremental Build of configuration Debug for project ethernet_tutorial ****
make all 
make: Nothing to be done for `all'.
00:42:54 **** Incremental Build of configuration Debug for project ethernet_tutorial ****
make all 
make: Nothing to be done for `all'.
00:43:16 **** Auto Build of configuration Debug for project ethernet_tutorial ****
make all 
'Building file: ../src/main.c'
'Invoking: MicroBlaze gcc compiler'
mb-gcc -Wall -O0 -g3 -c -fmessage-length=0 -MT"src/main.o" -I../../ethernet_tutorial_bsp/microblaze_0/include -mlittle-endian -mcpu=v10.0 -mxl-soft-mul -Wl,--no-relax -ffunction-sections -fdata-sections -MMD -MP -MF"src/main.d" -MT"src/main.o" -o "src/main.o" "../src/main.c"
../src/main.c: In function 'main':
../src/main.c:205:18: warning: passing argument 2 of 'tcp_sent' from incompatible pointer type [-Wincompatible-pointer-types]
    tcp_sent(pcb, send_data);
                  ^~~~~~~~~
In file included from ../src/main.c:42:0:
../../ethernet_tutorial_bsp/microblaze_0/include/lwip/tcp.h:321:18: note: expected 'tcp_sent_fn {aka signed char (*)(void *, struct tcp_pcb *, short unsigned int)}' but argument is of type 'err_t (*)(void *, struct tcp_pcb *, err_t) {aka signed char (*)(void *, struct tcp_pcb *, signed char)}'
 void             tcp_sent    (struct tcp_pcb *pcb, tcp_sent_fn sent);
                  ^~~~~~~~
'Finished building: ../src/main.c'
' '
'Building target: ethernet_tutorial.elf'
'Invoking: MicroBlaze gcc linker'
mb-gcc -Wl,-T -Wl,../src/lscript.ld -L../../ethernet_tutorial_bsp/microblaze_0/lib -mlittle-endian -mcpu=v10.0 -mxl-soft-mul -Wl,--no-relax -Wl,--gc-sections -o "ethernet_tutorial.elf"  ./src/echo.o ./src/i2c_access.o ./src/iic_phyreset.o ./src/main.o ./src/platform.o ./src/platform_mb.o ./src/platform_ppc.o ./src/platform_zynq.o ./src/platform_zynqmp.o ./src/sfp.o ./src/si5324.o   -Wl,--start-group,-lxil,-lgcc,-lc,--end-group -Wl,--start-group,-lxil,-llwip4,-lgcc,-lc,--end-group
'Finished building target: ethernet_tutorial.elf'
' '
'Invoking: MicroBlaze Print Size'
mb-size ethernet_tutorial.elf  |tee "ethernet_tutorial.elf.size"
   text	   data	    bss	    dec	    hex	filename
 132172	   1536	6969852	7103560	 6c6448	ethernet_tutorial.elf
'Finished building: ethernet_tutorial.elf.size'
' '
00:43:20 **** Incremental Build of configuration Debug for project ethernet_tutorial ****
make all 
make: Nothing to be done for `all'.
00:44:38 **** Auto Build of configuration Debug for project ethernet_tutorial ****
make all 
'Building file: ../src/main.c'
'Invoking: MicroBlaze gcc compiler'
mb-gcc -Wall -O0 -g3 -c -fmessage-length=0 -MT"src/main.o" -I../../ethernet_tutorial_bsp/microblaze_0/include -mlittle-endian -mcpu=v10.0 -mxl-soft-mul -Wl,--no-relax -ffunction-sections -fdata-sections -MMD -MP -MF"src/main.d" -MT"src/main.o" -o "src/main.o" "../src/main.c"
../src/main.c: In function 'main':
../src/main.c:209:18: warning: passing argument 2 of 'tcp_sent' from incompatible pointer type [-Wincompatible-pointer-types]
    tcp_sent(pcb, send_data);
                  ^~~~~~~~~
In file included from ../src/main.c:42:0:
../../ethernet_tutorial_bsp/microblaze_0/include/lwip/tcp.h:321:18: note: expected 'tcp_sent_fn {aka signed char (*)(void *, struct tcp_pcb *, short unsigned int)}' but argument is of type 'err_t (*)(void *, struct tcp_pcb *, err_t) {aka signed char (*)(void *, struct tcp_pcb *, signed char)}'
 void             tcp_sent    (struct tcp_pcb *pcb, tcp_sent_fn sent);
                  ^~~~~~~~
'Finished building: ../src/main.c'
' '
'Building target: ethernet_tutorial.elf'
'Invoking: MicroBlaze gcc linker'
mb-gcc -Wl,-T -Wl,../src/lscript.ld -L../../ethernet_tutorial_bsp/microblaze_0/lib -mlittle-endian -mcpu=v10.0 -mxl-soft-mul -Wl,--no-relax -Wl,--gc-sections -o "ethernet_tutorial.elf"  ./src/echo.o ./src/i2c_access.o ./src/iic_phyreset.o ./src/main.o ./src/platform.o ./src/platform_mb.o ./src/platform_ppc.o ./src/platform_zynq.o ./src/platform_zynqmp.o ./src/sfp.o ./src/si5324.o   -Wl,--start-group,-lxil,-lgcc,-lc,--end-group -Wl,--start-group,-lxil,-llwip4,-lgcc,-lc,--end-group
'Finished building target: ethernet_tutorial.elf'
' '
'Invoking: MicroBlaze Print Size'
mb-size ethernet_tutorial.elf  |tee "ethernet_tutorial.elf.size"
[...]
'Finished building: ../src/i2c_access.c'
' '
'Building file: ../src/iic_phyreset.c'
'Invoking: MicroBlaze gcc compiler'
mb-gcc -Wall -O0 -g3 -c -fmessage-length=0 -MT"src/iic_phyreset.o" -I../../ethernet_tutorial_bsp/microblaze_0/include -mlittle-endian -mcpu=v10.0 -mxl-soft-mul -Wl,--no-relax -ffunction-sections -fdata-sections -MMD -MP -MF"src/iic_phyreset.d" -MT"src/iic_phyreset.o" -o "src/iic_phyreset.o" "../src/iic_phyreset.c"
'Finished building: ../src/iic_phyreset.c'
' '
'Building file: ../src/main.c'
'Invoking: MicroBlaze gcc compiler'
mb-gcc -Wall -O0 -g3 -c -fmessage-length=0 -MT"src/main.o" -I../../ethernet_tutorial_bsp/microblaze_0/include -mlittle-endian -mcpu=v10.0 -mxl-soft-mul -Wl,--no-relax -ffunction-sections -fdata-sections -MMD -MP -MF"src/main.d" -MT"src/main.o" -o "src/main.o" "../src/main.c"
'Finished building: ../src/main.c'
' '
'Building file: ../src/platform.c'
'Invoking: MicroBlaze gcc compiler'
mb-gcc -Wall -O0 -g3 -c -fmessage-length=0 -MT"src/platform.o" -I../../ethernet_tutorial_bsp/microblaze_0/include -mlittle-endian -mcpu=v10.0 -mxl-soft-mul -Wl,--no-relax -ffunction-sections -fdata-sections -MMD -MP -MF"src/platform.d" -MT"src/platform.o" -o "src/platform.o" "../src/platform.c"
'Finished building: ../src/platform.c'
' '
'Building file: ../src/platform_mb.c'
'Invoking: MicroBlaze gcc compiler'
mb-gcc -Wall -O0 -g3 -c -fmessage-length=0 -MT"src/platform_mb.o" -I../../ethernet_tutorial_bsp/microblaze_0/include -mlittle-endian -mcpu=v10.0 -mxl-soft-mul -Wl,--no-relax -ffunction-sections -fdata-sections -MMD -MP -MF"src/platform_mb.d" -MT"src/platform_mb.o" -o "src/platform_mb.o" "../src/platform_mb.c"
'Finished building: ../src/platform_mb.c'
' '
'Building file: ../src/sfp.c'
'Invoking: MicroBlaze gcc compiler'
mb-gcc -Wall -O0 -g3 -c -fmessage-length=0 -MT"src/sfp.o" -I../../ethernet_tutorial_bsp/microblaze_0/include -mlittle-endian -mcpu=v10.0 -mxl-soft-mul -Wl,--no-relax -ffunction-sections -fdata-sections -MMD -MP -MF"src/sfp.d" -MT"src/sfp.o" -o "src/sfp.o" "../src/sfp.c"
'Finished building: ../src/sfp.c'
' '
'Building file: ../src/si5324.c'
'Invoking: MicroBlaze gcc compiler'
mb-gcc -Wall -O0 -g3 -c -fmessage-length=0 -MT"src/si5324.o" -I../../ethernet_tutorial_bsp/microblaze_0/include -mlittle-endian -mcpu=v10.0 -mxl-soft-mul -Wl,--no-relax -ffunction-sections -fdata-sections -MMD -MP -MF"src/si5324.d" -MT"src/si5324.o" -o "src/si5324.o" "../src/si5324.c"
'Finished building: ../src/si5324.c'
' '
'Building target: ethernet_tutorial.elf'
'Invoking: MicroBlaze gcc linker'
mb-gcc -Wl,-T -Wl,../src/lscript.ld -L../../ethernet_tutorial_bsp/microblaze_0/lib -mlittle-endian -mcpu=v10.0 -mxl-soft-mul -Wl,--no-relax -Wl,--gc-sections -o "ethernet_tutorial.elf"  ./src/echo.o ./src/i2c_access.o ./src/iic_phyreset.o ./src/main.o ./src/platform.o ./src/platform_mb.o ./src/platform_ppc.o ./src/platform_zynq.o ./src/platform_zynqmp.o ./src/sfp.o ./src/si5324.o   -Wl,--start-group,-lxil,-lgcc,-lc,--end-group -Wl,--start-group,-lxil,-llwip4,-lgcc,-lc,--end-group
'Finished building target: ethernet_tutorial.elf'
' '
'Invoking: MicroBlaze Print Size'
mb-size ethernet_tutorial.elf  |tee "ethernet_tutorial.elf.size"
   text	   data	    bss	    dec	    hex	filename
 132652	   1536	6969852	7104040	 6c6628	ethernet_tutorial.elf
'Finished building: ethernet_tutorial.elf.size'
' '
02:28:54 **** Incremental Build of configuration Debug for project ethernet_tutorial ****
make all 
make: Nothing to be done for `all'.
10:23:30 **** Incremental Build of configuration Debug for project ethernet_tutorial ****
make all 
make: Nothing to be done for `all'.
10:42:39 **** Auto Build of project ethernet_tutorial_bsp ****
make -k all 
"Running Make include in microblaze_0/libsrc/axidma_v9_3/src"
make -C microblaze_0/libsrc/axidma_v9_3/src -s include  "SHELL=CMD" "COMPILER=mb-gcc" "ARCHIVER=mb-ar" "COMPILER_FLAGS= -O2 -c -mcpu=v10.0 -mlittle-endian -mxl-soft-mul" "EXTRA_COMPILER_FLAGS=-ffunction-sections -fdata-sections -Wall -Wextra"
"Running Make include in microblaze_0/libsrc/axiethernet_v5_5/src"
make -C microblaze_0/libsrc/axiethernet_v5_5/src -s include  "SHELL=CMD" "COMPILER=mb-gcc" "ARCHIVER=mb-ar" "COMPILER_FLAGS= -O2 -c -mcpu=v10.0 -mlittle-endian -mxl-soft-mul" "EXTRA_COMPILER_FLAGS=-ffunction-sections -fdata-sections -Wall -Wextra"
"Running Make include in microblaze_0/libsrc/bram_v4_1/src"
make -C microblaze_0/libsrc/bram_v4_1/src -s include  "SHELL=CMD" "COMPILER=mb-gcc" "ARCHIVER=mb-ar" "COMPILER_FLAGS= -O2 -c -mcpu=v10.0 -mlittle-endian -mxl-soft-mul" "EXTRA_COMPILER_FLAGS=-ffunction-sections -fdata-sections -Wall -Wextra"
"Running Make include in microblaze_0/libsrc/cpu_v2_6/src"
make -C microblaze_0/libsrc/cpu_v2_6/src -s include  "SHELL=CMD" "COMPILER=mb-gcc" "ARCHIVER=mb-ar" "COMPILER_FLAGS= -O2 -c -mcpu=v10.0 -mlittle-endian -mxl-soft-mul" "EXTRA_COMPILER_FLAGS=-ffunction-sections -fdata-sections -Wall -Wextra"
"Running Make include in microblaze_0/libsrc/intc_v3_6/src"
make -C microblaze_0/libsrc/intc_v3_6/src -s include  "SHELL=CMD" "COMPILER=mb-gcc" "ARCHIVER=mb-ar" "COMPILER_FLAGS= -O2 -c -mcpu=v10.0 -mlittle-endian -mxl-soft-mul" "EXTRA_COMPILER_FLAGS=-ffunction-sections -fdata-sections -Wall -Wextra"
"Running Make include in microblaze_0/libsrc/lwip141_v1_8/src"
make -C microblaze_0/libsrc/lwip141_v1_8/src -s include  "SHELL=CMD" "COMPILER=mb-gcc" "ARCHIVER=mb-ar" "COMPILER_FLAGS= -O2 -c -mcpu=v10.0 -mlittle-endian -mxl-soft-mul" "EXTRA_COMPILER_FLAGS=-ffunction-sections -fdata-sections -Wall -Wextra"
"Running Make include in microblaze_0/libsrc/standalone_v6_3/src"
make -C microblaze_0/libsrc/standalone_v6_3/src -s include  "SHELL=CMD" "COMPILER=mb-gcc" "ARCHIVER=mb-ar" "COMPILER_FLAGS= -O2 -c -mcpu=v10.0 -mlittle-endian -mxl-soft-mul" "EXTRA_COMPILER_FLAGS=-ffunction-sections -fdata-sections -Wall -Wextra"
"Running Make include in microblaze_0/libsrc/tmrctr_v4_3/src"
make -C microblaze_0/libsrc/tmrctr_v4_3/src -s include  "SHELL=CMD" "COMPILER=mb-gcc" "ARCHIVER=mb-ar" "COMPILER_FLAGS= -O2 -c -mcpu=v10.0 -mlittle-endian -mxl-soft-mul" "EXTRA_COMPILER_FLAGS=-ffunction-sections -fdata-sections -Wall -Wextra"
"Running Make include in microblaze_0/libsrc/uartlite_v3_2/src"
make -C microblaze_0/libsrc/uartlite_v3_2/src -s include  "SHELL=CMD" "COMPILER=mb-gcc" "ARCHIVER=mb-ar" "COMPILER_FLAGS= -O2 -c -mcpu=v10.0 -mlittle-endian -mxl-soft-mul" "EXTRA_COMPILER_FLAGS=-ffunction-sections -fdata-sections -Wall -Wextra"
"Running Make libs in microblaze_0/libsrc/axidma_v9_3/src"
make -C microblaze_0/libsrc/axidma_v9_3/src -s libs  "SHELL=CMD" "COMPILER=mb-gcc" "ARCHIVER=mb-ar" "COMPILER_FLAGS= -O2 -c -mcpu=v10.0 -mlittle-endian -mxl-soft-mul" "EXTRA_COMPILER_FLAGS=-ffunction-sections -fdata-sections -Wall -Wextra"
"Compiling axidma"
mb-ar: creating ../../../lib/libxil.a
"Running Make libs in microblaze_0/libsrc/axiethernet_v5_5/src"
make -C microblaze_0/libsrc/axiethernet_v5_5/src -s libs  "SHELL=CMD" "COMPILER=mb-gcc" "ARCHIVER=mb-ar" "COMPILER_FLAGS= -O2 -c -mcpu=v10.0 -mlittle-endian -mxl-soft-mul" "EXTRA_COMPILER_FLAGS=-ffunction-sections -fdata-sections -Wall -Wextra"
"Compiling axiethernet"
"Running Make libs in microblaze_0/libsrc/bram_v4_1/src"
make -C microblaze_0/libsrc/bram_v4_1/src -s libs  "SHELL=CMD" "COMPILER=mb-gcc" "ARCHIVER=mb-ar" "COMPILER_FLAGS= -O2 -c -mcpu=v10.0 -mlittle-endian -mxl-soft-mul" "EXTRA_COMPILER_FLAGS=-ffunction-sections -fdata-sections -Wall -Wextra"
"Compiling bram"
"Running Make libs in microblaze_0/libsrc/cpu_v2_6/src"
make -C microblaze_0/libsrc/cpu_v2_6/src -s libs  "SHELL=CMD" "COMPILER=mb-gcc" "ARCHIVER=mb-ar" "COMPILER_FLAGS= -O2 -c -mcpu=v10.0 -mlittle-endian -mxl-soft-mul" "EXTRA_COMPILER_FLAGS=-ffunction-sections -fdata-sections -Wall -Wextra"
"Compiling cpu"
"Running Make libs in microblaze_0/libsrc/intc_v3_6/src"
make -C microblaze_0/libsrc/intc_v3_6/src -s libs  "SHELL=CMD" "COMPILER=mb-gcc" "ARCHIVER=mb-ar" "COMPILER_FLAGS= -O2 -c -mcpu=v10.0 -mlittle-endian -mxl-soft-mul" "EXTRA_COMPILER_FLAGS=-ffunction-sections -fdata-sections -Wall -Wextra"
"Compiling intc"
"Running Make libs in microblaze_0/libsrc/lwip141_v1_8/src"
make -C microblaze_0/libsrc/lwip141_v1_8/src -s libs  "SHELL=CMD" "COMPILER=mb-gcc" "ARCHIVER=mb-ar" "COMPILER_FLAGS= -O2 -c -mcpu=v10.0 -mlittle-endian -mxl-soft-mul" "EXTRA_COMPILER_FLAGS=-ffunction-sections -fdata-sections -Wall -Wextra"
"Compiling lwip src and adapter files"
In file included from ../../../include/lwip/ip.h:39:0,
                 from lwip-1.4.1/src/core/ipv4/ip.c:42:
lwip-1.4.1/src/core/ipv4/ip.c: In function 'ip_input':
../../../include/lwip/ip_addr.h:200:39: warning: the comparison will always evaluate as 'false' for the address of 'current_iphdr_src' will never be NULL [-Waddress]
 #define ip_addr_isany(addr1) ((addr1) == NULL || (addr1)->addr == IPADDR_ANY)
                                       ^
lwip-1.4.1/src/core/ipv4/ip.c:473:24: note: in expansion of macro 'ip_addr_isany'
   if (check_ip_src && !ip_addr_isany(&current_iphdr_src))
                        ^~~~~~~~~~~~~
In file included from ../../../include/lwip/netif.h:41:0,
                 from ../../../include/lwip/udp.h:40,
                 from lwip-1.4.1/src/core/dhcp.c:75:
lwip-1.4.1/src/core/dhcp.c: In function 'dhcp_bind':
../../../include/lwip/ip_addr.h:200:39: warning: the comparison will always evaluate as 'false' for the address of 'gw_addr' will never be NULL [-Waddress]
 #define ip_addr_isany(addr1) ((addr1) == NULL || (addr1)->addr == IPADDR_ANY)
                                       ^
lwip-1.4.1/src/core/dhcp.c:987:7: note: in expansion of macro 'ip_addr_isany'
   if (ip_addr_isany(&gw_addr)) {
       ^~~~~~~~~~~~~
contrib/ports/xilinx/netif/xaxiemacif_physpeed.c: In function 'get_phy_negotiated_speed':
contrib/ports/xilinx/netif/xaxiemacif_physpeed.c:254:6: warning: unused variable 'temp' [-Wunused-variable]
  u16 temp;
      ^~~~
contrib/ports/xilinx/netif/xaxiemacif_physpeed.c:253:6: warning: unused variable 'TimeOut' [-Wunused-variable]
  int TimeOut;
      ^~~~~~~
contrib/ports/xilinx/netif/xaxiemacif_physpeed.c:247:6: warning: unused variable 'phy_val' [-Wunused-variable]
  u16 phy_val;
      ^~~~~~~
contrib/ports/xilinx/netif/xaxiemacif_physpeed.c: In function 'get_phy_speed_TI_DP83867':
contrib/ports/xilinx/netif/xaxiemacif_physpeed.c:388:6: warning: unused variable 'partner_capabilities' [-Wunused-variable]
  u16 partner_capabilities;
      ^~~~~~~~~~~~~~~~~~~~
contrib/ports/xilinx/netif/xaxiemacif_physpeed.c:387:6: warning: unused variable 'status' [-Wunused-variable]
  u16 status;
      ^~~~~~
contrib/ports/xilinx/netif/xaxiemacif_physpeed.c: In function 'get_phy_speed_TI_DP83867_SGMII':
contrib/ports/xilinx/netif/xaxiemacif_physpeed.c:424:6: warning: unused variable 'partner_capabilities' [-Wunused-variable]
  u16 partner_capabilities;
      ^~~~~~~~~~~~~~~~~~~~
contrib/ports/xilinx/netif/xaxiemacif_physpeed.c:423:6: warning: unused variable 'temp1' [-Wunused-variable]
  u16 temp1;
      ^~~~~
contrib/ports/xilinx/netif/xaxiemacif_physpeed.c:420:6: warning: unused variable 'phy_val' [-Wunused-variable]
  u16 phy_val;
      ^~~~~~~
contrib/ports/xilinx/netif/xaxiemacif_physpeed.c: In function 'get_phy_speed_88E1111':
contrib/ports/xilinx/netif/xaxiemacif_physpeed.c:561:6: warning: unused variable 'status' [-Wunused-variable]
  u16 status;
      ^~~~~~
contrib/ports/xilinx/netif/xaxiemacif_physpeed.c: In function 'get_IEEE_phy_speed':
contrib/ports/xilinx/netif/xaxiemacif_physpeed.c:643:1: warning: control reaches end of non-void function [-Wreturn-type]
 }
 ^
contrib/ports/xilinx/netif/xaxiemacif_dma.c: In function 'axidma_send_handler':
contrib/ports/xilinx/netif/xaxiemacif_dma.c:269:16: warning: variable 'xaxiemac' set but not used [-Wunused-but-set-variable]
  XAxiEthernet *xaxiemac;
                ^~~~~~~~
contrib/ports/xilinx/netif/xaxiemacif_dma.c:268:22: warning: variable 'xtopologyp' set but not used [-Wunused-but-set-variable]
  struct xtopology_t *xtopologyp;
                      ^~~~~~~~~~
contrib/ports/xilinx/netif/xaxiemacif_dma.c: In function 'setup_rx_bds':
contrib/ports/xilinx/netif/xaxiemacif_dma.c:370:227: warning: suggest braces around empty body in an 'else' statement [-Wempty-body]
     LWIP_DEBUGF(NETIF_DEBUG, ("set of BDs was rejected because the first BD did not have its start-of-packet bit set, or the last BD did not have its end-of-packet bit set, or any one of the BD set has 0 as length value\r\n"));
                                                                                                                                                                                                                                   ^
contrib/ports/xilinx/netif/xaxiemacif_dma.c:315:15: warning: unused variable 'i' [-Wunused-variable]
  s32_t n_bds, i;
               ^
contrib/ports/xilinx/netif/xaxiemacif_dma.c: In function 'axidma_recv_handler':
contrib/ports/xilinx/netif/xaxiemacif_dma.c:439:33: warning: comparison between signed and unsigned integer expressions [-Wsign-compare]
   for (i = 0, rxbd = rxbdset; i < bd_processed; i++) {
                                 ^
contrib/ports/xilinx/netif/xaxiemacif_dma.c:387:16: warning: variable 'xaxiemac' set but not used [-Wunused-but-set-variable]
  XAxiEthernet *xaxiemac;
                ^~~~~~~~
contrib/ports/xilinx/netif/xaxiemacif_dma.c:386:22: warning: variable 'xtopologyp' set but not used [-Wunused-but-set-variable]
  struct xtopology_t *xtopologyp;
                      ^~~~~~~~~~
contrib/ports/xilinx/netif/xaxiemacif_dma.c: In function 'process_sent_bds':
contrib/ports/xilinx/netif/xaxiemacif_dma.c:503:10: warning: unused variable 'status' [-Wunused-variable]
  XStatus status;
          ^~~~~~
At top level:
contrib/ports/xilinx/netif/xaxiemacif_dma.c:148:13: warning: 'bd_csum_set' defined but not used [-Wunused-function]
 static void bd_csum_set(XAxiDma_Bd *bd, u16_t tx_csbegin, u16_t tx_csinsert,
             ^~~~~~~~~~~
contrib/ports/xilinx/netif/xaxiemacif_dma.c:141:13: warning: 'bd_fullcsum_enable' defined but not used [-Wunused-function]
 static void bd_fullcsum_enable(XAxiDma_Bd *bd)
             ^~~~~~~~~~~~~~~~~~
contrib/ports/xilinx/netif/xaxiemacif_dma.c:134:13: warning: 'bd_fullcsum_disable' defined but not used [-Wunused-function]
 static void bd_fullcsum_disable(XAxiDma_Bd *bd)
             ^~~~~~~~~~~~~~~~~~~
contrib/ports/xilinx/netif/xaxiemacif_dma.c:127:13: warning: 'bd_csum_disable' defined but not used [-Wunused-function]
 static void bd_csum_disable(XAxiDma_Bd *bd)
             ^~~~~~~~~~~~~~~
"Running Make libs in microblaze_0/libsrc/standalone_v6_3/src"
make -C microblaze_0/libsrc/standalone_v6_3/src -s libs  "SHELL=CMD" "COMPILER=mb-gcc" "ARCHIVER=mb-ar" "COMPILER_FLAGS= -O2 -c -mcpu=v10.0 -mlittle-endian -mxl-soft-mul" "EXTRA_COMPILER_FLAGS=-ffunction-sections -fdata-sections -Wall -Wextra"
"Compiling standalone";
"Running Make libs in microblaze_0/libsrc/tmrctr_v4_3/src"
make -C microblaze_0/libsrc/tmrctr_v4_3/src -s libs  "SHELL=CMD" "COMPILER=mb-gcc" "ARCHIVER=mb-ar" "COMPILER_FLAGS= -O2 -c -mcpu=v10.0 -mlittle-endian -mxl-soft-mul" "EXTRA_COMPILER_FLAGS=-ffunction-sections -fdata-sections -Wall -Wextra"
"Compiling tmrctr"
"Running Make libs in microblaze_0/libsrc/uartlite_v3_2/src"
make -C microblaze_0/libsrc/uartlite_v3_2/src -s libs  "SHELL=CMD" "COMPILER=mb-gcc" "ARCHIVER=mb-ar" "COMPILER_FLAGS= -O2 -c -mcpu=v10.0 -mlittle-endian -mxl-soft-mul" "EXTRA_COMPILER_FLAGS=-ffunction-sections -fdata-sections -Wall -Wextra"
"Compiling uartlite"
'Finished building libraries'
10:44:34 **** Auto Build of configuration Debug for project ethernet_tutorial ****
make all 
'Building file: ../src/echo.c'
'Invoking: MicroBlaze gcc compiler'
mb-gcc -Wall -O0 -g3 -c -fmessage-length=0 -MT"src/echo.o" -I../../ethernet_tutorial_bsp/microblaze_0/include -mlittle-endian -mcpu=v10.0 -mxl-soft-mul -Wl,--no-relax -ffunction-sections -fdata-sections -MMD -MP -MF"src/echo.d" -MT"src/echo.o" -o "src/echo.o" "../src/echo.c"
'Finished building: ../src/echo.c'
' '
'Building file: ../src/i2c_access.c'
'Invoking: MicroBlaze gcc compiler'
mb-gcc -Wall -O0 -g3 -c -fmessage-length=0 -MT"src/i2c_access.o" -I../../ethernet_tutorial_bsp/microblaze_0/include -mlittle-endian -mcpu=v10.0 -mxl-soft-mul -Wl,--no-relax -ffunction-sections -fdata-sections -MMD -MP -MF"src/i2c_access.d" -MT"src/i2c_access.o" -o "src/i2c_access.o" "../src/i2c_access.c"
'Finished building: ../src/i2c_access.c'
' '
'Building file: ../src/iic_phyreset.c'
'Invoking: MicroBlaze gcc compiler'
mb-gcc -Wall -O0 -g3 -c -fmessage-length=0 -MT"src/iic_phyreset.o" -I../../ethernet_tutorial_bsp/microblaze_0/include -mlittle-endian -mcpu=v10.0 -mxl-soft-mul -Wl,--no-relax -ffunction-sections -fdata-sections -MMD -MP -MF"src/iic_phyreset.d" -MT"src/iic_phyreset.o" -o "src/iic_phyreset.o" "../src/iic_phyreset.c"
'Finished building: ../src/iic_phyreset.c'
' '
'Building file: ../src/main.c'
'Invoking: MicroBlaze gcc compiler'
mb-gcc -Wall -O0 -g3 -c -fmessage-length=0 -MT"src/main.o" -I../../ethernet_tutorial_bsp/microblaze_0/include -mlittle-endian -mcpu=v10.0 -mxl-soft-mul -Wl,--no-relax -ffunction-sections -fdata-sections -MMD -MP -MF"src/main.d" -MT"src/main.o" -o "src/main.o" "../src/main.c"
'Finished building: ../src/main.c'
' '
'Building file: ../src/platform.c'
'Invoking: MicroBlaze gcc compiler'
mb-gcc -Wall -O0 -g3 -c -fmessage-length=0 -MT"src/platform.o" -I../../ethernet_tutorial_bsp/microblaze_0/include -mlittle-endian -mcpu=v10.0 -mxl-soft-mul -Wl,--no-relax -ffunction-sections -fdata-sections -MMD -MP -MF"src/platform.d" -MT"src/platform.o" -o "src/platform.o" "../src/platform.c"
'Finished building: ../src/platform.c'
' '
'Building file: ../src/platform_mb.c'
'Invoking: MicroBlaze gcc compiler'
mb-gcc -Wall -O0 -g3 -c -fmessage-length=0 -MT"src/platform_mb.o" -I../../ethernet_tutorial_bsp/microblaze_0/include -mlittle-endian -mcpu=v10.0 -mxl-soft-mul -Wl,--no-relax -ffunction-sections -fdata-sections -MMD -MP -MF"src/platform_mb.d" -MT"src/platform_mb.o" -o "src/platform_mb.o" "../src/platform_mb.c"
'Finished building: ../src/platform_mb.c'
' '
'Building file: ../src/sfp.c'
'Invoking: MicroBlaze gcc compiler'
mb-gcc -Wall -O0 -g3 -c -fmessage-length=0 -MT"src/sfp.o" -I../../ethernet_tutorial_bsp/microblaze_0/include -mlittle-endian -mcpu=v10.0 -mxl-soft-mul -Wl,--no-relax -ffunction-sections -fdata-sections -MMD -MP -MF"src/sfp.d" -MT"src/sfp.o" -o "src/sfp.o" "../src/sfp.c"
'Finished building: ../src/sfp.c'
' '
'Building file: ../src/si5324.c'
'Invoking: MicroBlaze gcc compiler'
mb-gcc -Wall -O0 -g3 -c -fmessage-length=0 -MT"src/si5324.o" -I../../ethernet_tutorial_bsp/microblaze_0/include -mlittle-endian -mcpu=v10.0 -mxl-soft-mul -Wl,--no-relax -ffunction-sections -fdata-sections -MMD -MP -MF"src/si5324.d" -MT"src/si5324.o" -o "src/si5324.o" "../src/si5324.c"
'Finished building: ../src/si5324.c'
' '
'Building target: ethernet_tutorial.elf'
'Invoking: MicroBlaze gcc linker'
mb-gcc -Wl,-T -Wl,../src/lscript.ld -L../../ethernet_tutorial_bsp/microblaze_0/lib -mlittle-endian -mcpu=v10.0 -mxl-soft-mul -Wl,--no-relax -Wl,--gc-sections -o "ethernet_tutorial.elf"  ./src/echo.o ./src/i2c_access.o ./src/iic_phyreset.o ./src/main.o ./src/platform.o ./src/platform_mb.o ./src/platform_ppc.o ./src/platform_zynq.o ./src/platform_zynqmp.o ./src/sfp.o ./src/si5324.o   -Wl,--start-group,-lxil,-lgcc,-lc,--end-group -Wl,--start-group,-lxil,-llwip4,-lgcc,-lc,--end-group
'Finished building target: ethernet_tutorial.elf'
' '
'Invoking: MicroBlaze Print Size'
mb-size ethernet_tutorial.elf  |tee "ethernet_tutorial.elf.size"
   text	   data	    bss	    dec	    hex	filename
 132652	   1536	6972924	7107112	 6c7228	ethernet_tutorial.elf
'Finished building: ethernet_tutorial.elf.size'
' '
10:45:12 **** Incremental Build of configuration Debug for project ethernet_tutorial ****
make all 
make: Nothing to be done for `all'.
